<html>
<body>
<pre>
<h1>µVision Build Log</h1>
<h2>Project:</h2>
C:\Users\xxl\Desktop\LMT70\³ÌÐò\LMT70_LCD1602\Project\STM32_ADC_RegularChannelSample.uvproj
Project File Date:  09/09/2020

<h2>Output:</h2>
Rebuild target 'STM32_ADC_Regularchannelsample'
compiling main.c...
..\User\main.c(65): warning:  #223-D: function "sprintf" declared implicitly
compiling PeripheralInit.c...
compiling Delay.c...
compiling ADCx_RegularChannel.c...
compiling CharLCD.c...
compiling misc.c...
compiling stm32f10x_gpio.c...
compiling stm32f10x_rcc.c...
compiling stm32f10x_fsmc.c...
compiling stm32f10x_adc.c...
compiling stm32f10x_dma.c...
compiling stm32f10x_tim.c...
compiling stm32f10x_dac.c...
compiling core_cm3.c...
compiling system_stm32f10x.c...
assembling startup_stm32f10x_hd.s...
linking...
Program Size: Code=7248 RO-data=336 RW-data=132 ZI-data=1028  
FromELF: creating hex file...
".\Obj\STM32_ADC_RegularChannleSample.axf" - 0 Error(s), 1 Warning(s).
Build target 'STM32_ADC_Regularchannelsample'
linking...
Program Size: Code=7248 RO-data=336 RW-data=132 ZI-data=1028  
FromELF: creating hex file...
".\Obj\STM32_ADC_RegularChannleSample.axf" - 0 Error(s), 0 Warning(s).
Rebuild target 'STM32_ADC_Regularchannelsample'
compiling main.c...
..\User\main.c(65): warning:  #223-D: function "sprintf" declared implicitly
compiling PeripheralInit.c...
compiling Delay.c...
compiling ADCx_RegularChannel.c...
compiling CharLCD.c...
compiling misc.c...
compiling stm32f10x_gpio.c...
compiling stm32f10x_rcc.c...
compiling stm32f10x_fsmc.c...
compiling stm32f10x_adc.c...
compiling stm32f10x_dma.c...
compiling stm32f10x_tim.c...
compiling stm32f10x_dac.c...
compiling core_cm3.c...
compiling system_stm32f10x.c...
assembling startup_stm32f10x_hd.s...
linking...
Program Size: Code=7248 RO-data=336 RW-data=132 ZI-data=1028  
FromELF: creating hex file...
".\Obj\STM32_ADC_RegularChannleSample.axf" - 0 Error(s), 1 Warning(s).
