<html>
<body>
<pre>
<h1>礦ision Build Log</h1>
<h2>Project:</h2>
D:\MyAdd\淘宝网店\传感器模块\温度传感器\LMT70模块\LMT70模块资料V1\测试程序\STM32F103\LMT70_OLED\Project\lmt70adc.uvproj
Project File Date:  10/01/2020

<h2>Output:</h2>
Rebuild target 'lmt70adc'
compiling main.c...
compiling delay.c...
compiling lmt70_ad.c...
compiling oled.c...
compiling misc.c...
compiling stm32f10x_adc.c...
compiling stm32f10x_fsmc.c...
compiling stm32f10x_gpio.c...
compiling stm32f10x_rcc.c...
compiling stm32f10x_dma.c...
compiling core_cm3.c...
compiling system_stm32f10x.c...
assembling startup_stm32f10x_hd.s...
linking...
Program Size: Code=13584 RO-data=2584 RW-data=316 ZI-data=1636  
".\Obj\LZE_STM32_Template.axf" - 0 Error(s), 0 Warning(s).
Rebuild target 'lmt70adc'
compiling main.c...
compiling delay.c...
compiling lmt70_ad.c...
compiling oled.c...
compiling misc.c...
compiling stm32f10x_adc.c...
compiling stm32f10x_fsmc.c...
compiling stm32f10x_gpio.c...
compiling stm32f10x_rcc.c...
compiling stm32f10x_dma.c...
compiling core_cm3.c...
compiling system_stm32f10x.c...
assembling startup_stm32f10x_hd.s...
linking...
Program Size: Code=13584 RO-data=2584 RW-data=316 ZI-data=1636  
".\Obj\LZE_STM32_Template.axf" - 0 Error(s), 0 Warning(s).
