ARM Linker, 4.1 [Build 713] [Standard]

==============================================================================

Section Cross References

    system_stm32f10x.o(.text) refers to system_stm32f10x.o(.data) for SystemCoreClock
    main.o(.text) refers to delay.o(.text) for delay_init
    main.o(.text) refers to usart.o(.text) for uart_init
    main.o(.text) refers to dht12.o(.text) for sensor_iic_init
    delay.o(.text) refers to misc.o(.text) for SysTick_CLKSourceConfig
    delay.o(.text) refers to system_stm32f10x.o(.data) for SystemCoreClock
    delay.o(.text) refers to delay.o(.data) for fac_us
    sys.o(.text) refers to misc.o(.text) for NVIC_PriorityGroupConfig
    usart.o(.text) refers to stm32f10x_rcc.o(.text) for RCC_APB2PeriphClockCmd
    usart.o(.text) refers to stm32f10x_usart.o(.text) for USART_DeInit
    usart.o(.text) refers to stm32f10x_gpio.o(.text) for GPIO_Init
    usart.o(.text) refers to misc.o(.text) for NVIC_Init
    startup_stm32f10x_md.o(RESET) refers to startup_stm32f10x_md.o(STACK) for __initial_sp
    startup_stm32f10x_md.o(RESET) refers to startup_stm32f10x_md.o(.text) for Reset_Handler
    startup_stm32f10x_md.o(.text) refers to system_stm32f10x.o(.text) for SystemInit
    startup_stm32f10x_md.o(.text) refers to entry.o(.ARM.Collect$$$$00000000) for __main
    stm32f10x_gpio.o(.text) refers to stm32f10x_rcc.o(.text) for RCC_APB2PeriphResetCmd
    stm32f10x_gpio.o(.text) refers to stm32f10x_rcc.o(.text) for RCC_APB2PeriphResetCmd
    stm32f10x_usart.o(.text) refers to stm32f10x_rcc.o(.text) for RCC_APB2PeriphResetCmd
    stm32f10x_rcc.o(.text) refers to stm32f10x_rcc.o(.text) for RCC_GetFlagStatus
    stm32f10x_rcc.o(.text) refers to stm32f10x_rcc.o(.data) for APBAHBPrescTable
    dht12.o(.text) refers to myiic.o(.text) for IIC_Init
    dht12.o(.text) refers to printfa.o(i.__0printf) for __2printf
    dht12.o(.text) refers to fflti.o(.text) for __aeabi_i2f
    dht12.o(.text) refers to cfrcmple.o(.text) for __aeabi_cfrcmple
    dht12.o(.text) refers to cfcmple.o(.text) for __aeabi_cfcmple
    dht12.o(.text) refers to fdiv.o(.text) for __aeabi_fdiv
    dht12.o(.text) refers to f2d.o(.text) for __aeabi_f2d
    dht12.o(.text) refers to dht12.o(.data) for Humi
    myiic.o(.text) refers to stm32f10x_rcc.o(.text) for RCC_APB2PeriphClockCmd
    myiic.o(.text) refers to stm32f10x_gpio.o(.text) for GPIO_Init
    myiic.o(.text) refers to delay.o(.text) for delay_us
    entry.o(.ARM.Collect$$$$00000000) refers (Special) to entry7.o(.ARM.Collect$$$$00000007) for _main_init
    entry.o(.ARM.Collect$$$$00000000) refers (Special) to entry5.o(.ARM.Collect$$$$00000004) for _main_scatterload
    entry.o(.ARM.Collect$$$$00000000) refers (Special) to entry2.o(.ARM.Collect$$$$00000001) for _main_stk
    printfb.o(i.__0fprintf$bare) refers to printfb.o(i._printf_core) for _printf_core
    printfb.o(i.__0fprintf$bare) refers to usart.o(.text) for fputc
    printfb.o(i.__0printf$bare) refers to printfb.o(i._printf_core) for _printf_core
    printfb.o(i.__0printf$bare) refers to usart.o(.text) for fputc
    printfb.o(i.__0printf$bare) refers to stdout.o(.data) for __stdout
    printfb.o(i.__0snprintf$bare) refers to printfb.o(i._printf_core) for _printf_core
    printfb.o(i.__0snprintf$bare) refers to printfb.o(i._snputc) for _snputc
    printfb.o(i.__0sprintf$bare) refers to printfb.o(i._printf_core) for _printf_core
    printfb.o(i.__0sprintf$bare) refers to printfb.o(i._sputc) for _sputc
    printfb.o(i.__0vfprintf$bare) refers to printfb.o(i._printf_core) for _printf_core
    printfb.o(i.__0vfprintf$bare) refers to usart.o(.text) for fputc
    printfb.o(i.__0vprintf$bare) refers to printfb.o(i._printf_core) for _printf_core
    printfb.o(i.__0vprintf$bare) refers to usart.o(.text) for fputc
    printfb.o(i.__0vprintf$bare) refers to stdout.o(.data) for __stdout
    printfb.o(i.__0vsnprintf$bare) refers to printfb.o(i._printf_core) for _printf_core
    printfb.o(i.__0vsnprintf$bare) refers to printfb.o(i._snputc) for _snputc
    printfb.o(i.__0vsprintf$bare) refers to printfb.o(i._printf_core) for _printf_core
    printfb.o(i.__0vsprintf$bare) refers to printfb.o(i._sputc) for _sputc
    printf0.o(i.__0fprintf$0) refers to printf0.o(i._printf_core) for _printf_core
    printf0.o(i.__0fprintf$0) refers to usart.o(.text) for fputc
    printf0.o(i.__0printf$0) refers to printf0.o(i._printf_core) for _printf_core
    printf0.o(i.__0printf$0) refers to usart.o(.text) for fputc
    printf0.o(i.__0printf$0) refers to stdout.o(.data) for __stdout
    printf0.o(i.__0snprintf$0) refers to printf0.o(i._printf_core) for _printf_core
    printf0.o(i.__0snprintf$0) refers to printf0.o(i._snputc) for _snputc
    printf0.o(i.__0sprintf$0) refers to printf0.o(i._printf_core) for _printf_core
    printf0.o(i.__0sprintf$0) refers to printf0.o(i._sputc) for _sputc
    printf0.o(i.__0vfprintf$0) refers to printf0.o(i._printf_core) for _printf_core
    printf0.o(i.__0vfprintf$0) refers to usart.o(.text) for fputc
    printf0.o(i.__0vprintf$0) refers to printf0.o(i._printf_core) for _printf_core
    printf0.o(i.__0vprintf$0) refers to usart.o(.text) for fputc
    printf0.o(i.__0vprintf$0) refers to stdout.o(.data) for __stdout
    printf0.o(i.__0vsnprintf$0) refers to printf0.o(i._printf_core) for _printf_core
    printf0.o(i.__0vsnprintf$0) refers to printf0.o(i._snputc) for _snputc
    printf0.o(i.__0vsprintf$0) refers to printf0.o(i._printf_core) for _printf_core
    printf0.o(i.__0vsprintf$0) refers to printf0.o(i._sputc) for _sputc
    printf1.o(i.__0fprintf$1) refers to printf1.o(i._printf_core) for _printf_core
    printf1.o(i.__0fprintf$1) refers to usart.o(.text) for fputc
    printf1.o(i.__0printf$1) refers to printf1.o(i._printf_core) for _printf_core
    printf1.o(i.__0printf$1) refers to usart.o(.text) for fputc
    printf1.o(i.__0printf$1) refers to stdout.o(.data) for __stdout
    printf1.o(i.__0snprintf$1) refers to printf1.o(i._printf_core) for _printf_core
    printf1.o(i.__0snprintf$1) refers to printf1.o(i._snputc) for _snputc
    printf1.o(i.__0sprintf$1) refers to printf1.o(i._printf_core) for _printf_core
    printf1.o(i.__0sprintf$1) refers to printf1.o(i._sputc) for _sputc
    printf1.o(i.__0vfprintf$1) refers to printf1.o(i._printf_core) for _printf_core
    printf1.o(i.__0vfprintf$1) refers to usart.o(.text) for fputc
    printf1.o(i.__0vprintf$1) refers to printf1.o(i._printf_core) for _printf_core
    printf1.o(i.__0vprintf$1) refers to usart.o(.text) for fputc
    printf1.o(i.__0vprintf$1) refers to stdout.o(.data) for __stdout
    printf1.o(i.__0vsnprintf$1) refers to printf1.o(i._printf_core) for _printf_core
    printf1.o(i.__0vsnprintf$1) refers to printf1.o(i._snputc) for _snputc
    printf1.o(i.__0vsprintf$1) refers to printf1.o(i._printf_core) for _printf_core
    printf1.o(i.__0vsprintf$1) refers to printf1.o(i._sputc) for _sputc
    printf1.o(i._printf_core) refers to uidiv.o(.text) for __aeabi_uidivmod
    printf2.o(i.__0fprintf$2) refers to printf2.o(i._printf_core) for _printf_core
    printf2.o(i.__0fprintf$2) refers to usart.o(.text) for fputc
    printf2.o(i.__0printf$2) refers to printf2.o(i._printf_core) for _printf_core
    printf2.o(i.__0printf$2) refers to usart.o(.text) for fputc
    printf2.o(i.__0printf$2) refers to stdout.o(.data) for __stdout
    printf2.o(i.__0snprintf$2) refers to printf2.o(i._printf_core) for _printf_core
    printf2.o(i.__0snprintf$2) refers to printf2.o(i._snputc) for _snputc
    printf2.o(i.__0sprintf$2) refers to printf2.o(i._printf_core) for _printf_core
    printf2.o(i.__0sprintf$2) refers to printf2.o(i._sputc) for _sputc
    printf2.o(i.__0vfprintf$2) refers to printf2.o(i._printf_core) for _printf_core
    printf2.o(i.__0vfprintf$2) refers to usart.o(.text) for fputc
    printf2.o(i.__0vprintf$2) refers to printf2.o(i._printf_core) for _printf_core
    printf2.o(i.__0vprintf$2) refers to usart.o(.text) for fputc
    printf2.o(i.__0vprintf$2) refers to stdout.o(.data) for __stdout
    printf2.o(i.__0vsnprintf$2) refers to printf2.o(i._printf_core) for _printf_core
    printf2.o(i.__0vsnprintf$2) refers to printf2.o(i._snputc) for _snputc
    printf2.o(i.__0vsprintf$2) refers to printf2.o(i._printf_core) for _printf_core
    printf2.o(i.__0vsprintf$2) refers to printf2.o(i._sputc) for _sputc
    printf3.o(i.__0fprintf$3) refers to printf3.o(i._printf_core) for _printf_core
    printf3.o(i.__0fprintf$3) refers to usart.o(.text) for fputc
    printf3.o(i.__0printf$3) refers to printf3.o(i._printf_core) for _printf_core
    printf3.o(i.__0printf$3) refers to usart.o(.text) for fputc
    printf3.o(i.__0printf$3) refers to stdout.o(.data) for __stdout
    printf3.o(i.__0snprintf$3) refers to printf3.o(i._printf_core) for _printf_core
    printf3.o(i.__0snprintf$3) refers to printf3.o(i._snputc) for _snputc
    printf3.o(i.__0sprintf$3) refers to printf3.o(i._printf_core) for _printf_core
    printf3.o(i.__0sprintf$3) refers to printf3.o(i._sputc) for _sputc
    printf3.o(i.__0vfprintf$3) refers to printf3.o(i._printf_core) for _printf_core
    printf3.o(i.__0vfprintf$3) refers to usart.o(.text) for fputc
    printf3.o(i.__0vprintf$3) refers to printf3.o(i._printf_core) for _printf_core
    printf3.o(i.__0vprintf$3) refers to usart.o(.text) for fputc
    printf3.o(i.__0vprintf$3) refers to stdout.o(.data) for __stdout
    printf3.o(i.__0vsnprintf$3) refers to printf3.o(i._printf_core) for _printf_core
    printf3.o(i.__0vsnprintf$3) refers to printf3.o(i._snputc) for _snputc
    printf3.o(i.__0vsprintf$3) refers to printf3.o(i._printf_core) for _printf_core
    printf3.o(i.__0vsprintf$3) refers to printf3.o(i._sputc) for _sputc
    printf3.o(i._printf_core) refers to uidiv.o(.text) for __aeabi_uidivmod
    printf4.o(i.__0fprintf$4) refers to printf4.o(i._printf_core) for _printf_core
    printf4.o(i.__0fprintf$4) refers to usart.o(.text) for fputc
    printf4.o(i.__0printf$4) refers to printf4.o(i._printf_core) for _printf_core
    printf4.o(i.__0printf$4) refers to usart.o(.text) for fputc
    printf4.o(i.__0printf$4) refers to stdout.o(.data) for __stdout
    printf4.o(i.__0snprintf$4) refers to printf4.o(i._printf_core) for _printf_core
    printf4.o(i.__0snprintf$4) refers to printf4.o(i._snputc) for _snputc
    printf4.o(i.__0sprintf$4) refers to printf4.o(i._printf_core) for _printf_core
    printf4.o(i.__0sprintf$4) refers to printf4.o(i._sputc) for _sputc
    printf4.o(i.__0vfprintf$4) refers to printf4.o(i._printf_core) for _printf_core
    printf4.o(i.__0vfprintf$4) refers to usart.o(.text) for fputc
    printf4.o(i.__0vprintf$4) refers to printf4.o(i._printf_core) for _printf_core
    printf4.o(i.__0vprintf$4) refers to usart.o(.text) for fputc
    printf4.o(i.__0vprintf$4) refers to stdout.o(.data) for __stdout
    printf4.o(i.__0vsnprintf$4) refers to printf4.o(i._printf_core) for _printf_core
    printf4.o(i.__0vsnprintf$4) refers to printf4.o(i._snputc) for _snputc
    printf4.o(i.__0vsprintf$4) refers to printf4.o(i._printf_core) for _printf_core
    printf4.o(i.__0vsprintf$4) refers to printf4.o(i._sputc) for _sputc
    printf4.o(i._printf_core) refers to uldiv.o(.text) for __aeabi_uldivmod
    printf5.o(i.__0fprintf$5) refers to printf5.o(i._printf_core) for _printf_core
    printf5.o(i.__0fprintf$5) refers to usart.o(.text) for fputc
    printf5.o(i.__0printf$5) refers to printf5.o(i._printf_core) for _printf_core
    printf5.o(i.__0printf$5) refers to usart.o(.text) for fputc
    printf5.o(i.__0printf$5) refers to stdout.o(.data) for __stdout
    printf5.o(i.__0snprintf$5) refers to printf5.o(i._printf_core) for _printf_core
    printf5.o(i.__0snprintf$5) refers to printf5.o(i._snputc) for _snputc
    printf5.o(i.__0sprintf$5) refers to printf5.o(i._printf_core) for _printf_core
    printf5.o(i.__0sprintf$5) refers to printf5.o(i._sputc) for _sputc
    printf5.o(i.__0vfprintf$5) refers to printf5.o(i._printf_core) for _printf_core
    printf5.o(i.__0vfprintf$5) refers to usart.o(.text) for fputc
    printf5.o(i.__0vprintf$5) refers to printf5.o(i._printf_core) for _printf_core
    printf5.o(i.__0vprintf$5) refers to usart.o(.text) for fputc
    printf5.o(i.__0vprintf$5) refers to stdout.o(.data) for __stdout
    printf5.o(i.__0vsnprintf$5) refers to printf5.o(i._printf_core) for _printf_core
    printf5.o(i.__0vsnprintf$5) refers to printf5.o(i._snputc) for _snputc
    printf5.o(i.__0vsprintf$5) refers to printf5.o(i._printf_core) for _printf_core
    printf5.o(i.__0vsprintf$5) refers to printf5.o(i._sputc) for _sputc
    printf5.o(i._printf_core) refers to uldiv.o(.text) for __aeabi_uldivmod
    printf6.o(i.__0fprintf$6) refers to printf6.o(i._printf_core) for _printf_core
    printf6.o(i.__0fprintf$6) refers to usart.o(.text) for fputc
    printf6.o(i.__0printf$6) refers to printf6.o(i._printf_core) for _printf_core
    printf6.o(i.__0printf$6) refers to usart.o(.text) for fputc
    printf6.o(i.__0printf$6) refers to stdout.o(.data) for __stdout
    printf6.o(i.__0snprintf$6) refers to printf6.o(i._printf_core) for _printf_core
    printf6.o(i.__0snprintf$6) refers to printf6.o(i._snputc) for _snputc
    printf6.o(i.__0sprintf$6) refers to printf6.o(i._printf_core) for _printf_core
    printf6.o(i.__0sprintf$6) refers to printf6.o(i._sputc) for _sputc
    printf6.o(i.__0vfprintf$6) refers to printf6.o(i._printf_core) for _printf_core
    printf6.o(i.__0vfprintf$6) refers to usart.o(.text) for fputc
    printf6.o(i.__0vprintf$6) refers to printf6.o(i._printf_core) for _printf_core
    printf6.o(i.__0vprintf$6) refers to usart.o(.text) for fputc
    printf6.o(i.__0vprintf$6) refers to stdout.o(.data) for __stdout
    printf6.o(i.__0vsnprintf$6) refers to printf6.o(i._printf_core) for _printf_core
    printf6.o(i.__0vsnprintf$6) refers to printf6.o(i._snputc) for _snputc
    printf6.o(i.__0vsprintf$6) refers to printf6.o(i._printf_core) for _printf_core
    printf6.o(i.__0vsprintf$6) refers to printf6.o(i._sputc) for _sputc
    printf6.o(i._printf_core) refers to printf6.o(i._printf_pre_padding) for _printf_pre_padding
    printf6.o(i._printf_core) refers to uidiv.o(.text) for __aeabi_uidivmod
    printf6.o(i._printf_core) refers to printf6.o(i._printf_post_padding) for _printf_post_padding
    printf7.o(i.__0fprintf$7) refers to printf7.o(i._printf_core) for _printf_core
    printf7.o(i.__0fprintf$7) refers to usart.o(.text) for fputc
    printf7.o(i.__0printf$7) refers to printf7.o(i._printf_core) for _printf_core
    printf7.o(i.__0printf$7) refers to usart.o(.text) for fputc
    printf7.o(i.__0printf$7) refers to stdout.o(.data) for __stdout
    printf7.o(i.__0snprintf$7) refers to printf7.o(i._printf_core) for _printf_core
    printf7.o(i.__0snprintf$7) refers to printf7.o(i._snputc) for _snputc
    printf7.o(i.__0sprintf$7) refers to printf7.o(i._printf_core) for _printf_core
    printf7.o(i.__0sprintf$7) refers to printf7.o(i._sputc) for _sputc
    printf7.o(i.__0vfprintf$7) refers to printf7.o(i._printf_core) for _printf_core
    printf7.o(i.__0vfprintf$7) refers to usart.o(.text) for fputc
    printf7.o(i.__0vprintf$7) refers to printf7.o(i._printf_core) for _printf_core
    printf7.o(i.__0vprintf$7) refers to usart.o(.text) for fputc
    printf7.o(i.__0vprintf$7) refers to stdout.o(.data) for __stdout
    printf7.o(i.__0vsnprintf$7) refers to printf7.o(i._printf_core) for _printf_core
    printf7.o(i.__0vsnprintf$7) refers to printf7.o(i._snputc) for _snputc
    printf7.o(i.__0vsprintf$7) refers to printf7.o(i._printf_core) for _printf_core
    printf7.o(i.__0vsprintf$7) refers to printf7.o(i._sputc) for _sputc
    printf7.o(i._printf_core) refers to printf7.o(i._printf_pre_padding) for _printf_pre_padding
    printf7.o(i._printf_core) refers to uldiv.o(.text) for __aeabi_uldivmod
    printf7.o(i._printf_core) refers to printf7.o(i._printf_post_padding) for _printf_post_padding
    printf8.o(i.__0fprintf$8) refers to printf8.o(i._printf_core) for _printf_core
    printf8.o(i.__0fprintf$8) refers to usart.o(.text) for fputc
    printf8.o(i.__0printf$8) refers to printf8.o(i._printf_core) for _printf_core
    printf8.o(i.__0printf$8) refers to usart.o(.text) for fputc
    printf8.o(i.__0printf$8) refers to stdout.o(.data) for __stdout
    printf8.o(i.__0snprintf$8) refers to printf8.o(i._printf_core) for _printf_core
    printf8.o(i.__0snprintf$8) refers to printf8.o(i._snputc) for _snputc
    printf8.o(i.__0sprintf$8) refers to printf8.o(i._printf_core) for _printf_core
    printf8.o(i.__0sprintf$8) refers to printf8.o(i._sputc) for _sputc
    printf8.o(i.__0vfprintf$8) refers to printf8.o(i._printf_core) for _printf_core
    printf8.o(i.__0vfprintf$8) refers to usart.o(.text) for fputc
    printf8.o(i.__0vprintf$8) refers to printf8.o(i._printf_core) for _printf_core
    printf8.o(i.__0vprintf$8) refers to usart.o(.text) for fputc
    printf8.o(i.__0vprintf$8) refers to stdout.o(.data) for __stdout
    printf8.o(i.__0vsnprintf$8) refers to printf8.o(i._printf_core) for _printf_core
    printf8.o(i.__0vsnprintf$8) refers to printf8.o(i._snputc) for _snputc
    printf8.o(i.__0vsprintf$8) refers to printf8.o(i._printf_core) for _printf_core
    printf8.o(i.__0vsprintf$8) refers to printf8.o(i._sputc) for _sputc
    printf8.o(i._printf_core) refers to printf8.o(i._printf_pre_padding) for _printf_pre_padding
    printf8.o(i._printf_core) refers to uldiv.o(.text) for __aeabi_uldivmod
    printf8.o(i._printf_core) refers to printf8.o(i._printf_post_padding) for _printf_post_padding
    printfa.o(i.__0fprintf) refers (Special) to iusefp.o(.text) for __I$use$fp
    printfa.o(i.__0fprintf) refers to printfa.o(i._printf_core) for _printf_core
    printfa.o(i.__0fprintf) refers to usart.o(.text) for fputc
    printfa.o(i.__0printf) refers (Special) to iusefp.o(.text) for __I$use$fp
    printfa.o(i.__0printf) refers to printfa.o(i._printf_core) for _printf_core
    printfa.o(i.__0printf) refers to usart.o(.text) for fputc
    printfa.o(i.__0printf) refers to stdout.o(.data) for __stdout
    printfa.o(i.__0snprintf) refers (Special) to iusefp.o(.text) for __I$use$fp
    printfa.o(i.__0snprintf) refers to printfa.o(i._printf_core) for _printf_core
    printfa.o(i.__0snprintf) refers to printfa.o(i._snputc) for _snputc
    printfa.o(i.__0sprintf) refers (Special) to iusefp.o(.text) for __I$use$fp
    printfa.o(i.__0sprintf) refers to printfa.o(i._printf_core) for _printf_core
    printfa.o(i.__0sprintf) refers to printfa.o(i._sputc) for _sputc
    printfa.o(i.__0vfprintf) refers (Special) to iusefp.o(.text) for __I$use$fp
    printfa.o(i.__0vfprintf) refers to printfa.o(i._printf_core) for _printf_core
    printfa.o(i.__0vfprintf) refers to usart.o(.text) for fputc
    printfa.o(i.__0vprintf) refers (Special) to iusefp.o(.text) for __I$use$fp
    printfa.o(i.__0vprintf) refers to printfa.o(i._printf_core) for _printf_core
    printfa.o(i.__0vprintf) refers to usart.o(.text) for fputc
    printfa.o(i.__0vprintf) refers to stdout.o(.data) for __stdout
    printfa.o(i.__0vsnprintf) refers (Special) to iusefp.o(.text) for __I$use$fp
    printfa.o(i.__0vsnprintf) refers to printfa.o(i._printf_core) for _printf_core
    printfa.o(i.__0vsnprintf) refers to printfa.o(i._snputc) for _snputc
    printfa.o(i.__0vsprintf) refers (Special) to iusefp.o(.text) for __I$use$fp
    printfa.o(i.__0vsprintf) refers to printfa.o(i._printf_core) for _printf_core
    printfa.o(i.__0vsprintf) refers to printfa.o(i._sputc) for _sputc
    printfa.o(i._fp_digits) refers (Special) to iusefp.o(.text) for __I$use$fp
    printfa.o(i._fp_digits) refers to dmul.o(.text) for __aeabi_dmul
    printfa.o(i._fp_digits) refers to ddiv.o(.text) for __aeabi_ddiv
    printfa.o(i._fp_digits) refers to cdrcmple.o(.text) for __aeabi_cdrcmple
    printfa.o(i._fp_digits) refers to dadd.o(.text) for __aeabi_dadd
    printfa.o(i._fp_digits) refers to dfixul.o(.text) for __aeabi_d2ulz
    printfa.o(i._fp_digits) refers to uldiv.o(.text) for __aeabi_uldivmod
    printfa.o(i._printf_core) refers (Special) to iusefp.o(.text) for __I$use$fp
    printfa.o(i._printf_core) refers to printfa.o(i._printf_pre_padding) for _printf_pre_padding
    printfa.o(i._printf_core) refers to uldiv.o(.text) for __aeabi_uldivmod
    printfa.o(i._printf_core) refers to printfa.o(i._printf_post_padding) for _printf_post_padding
    printfa.o(i._printf_core) refers to printfa.o(i._fp_digits) for _fp_digits
    printfa.o(i._printf_core) refers to uidiv.o(.text) for __aeabi_uidivmod
    printfa.o(i._printf_post_padding) refers (Special) to iusefp.o(.text) for __I$use$fp
    printfa.o(i._printf_pre_padding) refers (Special) to iusefp.o(.text) for __I$use$fp
    printfa.o(i._snputc) refers (Special) to iusefp.o(.text) for __I$use$fp
    printfa.o(i._sputc) refers (Special) to iusefp.o(.text) for __I$use$fp
    fdiv.o(.text) refers (Special) to iusefp.o(.text) for __I$use$fp
    fdiv.o(.text) refers to fepilogue.o(.text) for _float_round
    fflti.o(.text) refers (Special) to iusefp.o(.text) for __I$use$fp
    fflti.o(.text) refers to fepilogue.o(.text) for _float_epilogue
    f2d.o(.text) refers (Special) to iusefp.o(.text) for __I$use$fp
    cfcmple.o(.text) refers (Special) to iusefp.o(.text) for __I$use$fp
    cfrcmple.o(.text) refers (Special) to iusefp.o(.text) for __I$use$fp
    entry2.o(.ARM.Collect$$$$00000001) refers to entry2.o(.ARM.Collect$$$$00002712) for __lit__00000000
    entry2.o(.ARM.Collect$$$$00002712) refers to startup_stm32f10x_md.o(STACK) for __initial_sp
    entry2.o(__vectab_stack_and_reset_area) refers to startup_stm32f10x_md.o(STACK) for __initial_sp
    entry2.o(__vectab_stack_and_reset_area) refers to entry.o(.ARM.Collect$$$$00000000) for __main
    entry5.o(.ARM.Collect$$$$00000004) refers to init.o(.text) for __scatterload
    entry7.o(.ARM.Collect$$$$00000007) refers to main.o(.text) for main
    uldiv.o(.text) refers to llushr.o(.text) for __aeabi_llsr
    uldiv.o(.text) refers to llshl.o(.text) for __aeabi_llsl
    dadd.o(.text) refers to llshl.o(.text) for __aeabi_llsl
    dadd.o(.text) refers to llsshr.o(.text) for __aeabi_lasr
    dadd.o(.text) refers to depilogue.o(.text) for _double_epilogue
    dmul.o(.text) refers to depilogue.o(.text) for _double_epilogue
    ddiv.o(.text) refers to depilogue.o(.text) for _double_round
    dfixul.o(.text) refers to llushr.o(.text) for __aeabi_llsr
    dfixul.o(.text) refers to llshl.o(.text) for __aeabi_llsl
    init.o(.text) refers to entry5.o(.ARM.Collect$$$$00000004) for __main_after_scatterload
    depilogue.o(.text) refers to llshl.o(.text) for __aeabi_llsl
    depilogue.o(.text) refers to llushr.o(.text) for __aeabi_llsr


==============================================================================

Removing Unused input sections from the image.

    Removing system_stm32f10x.o(.text), (176 bytes).
    Removing sys.o(.text), (12 bytes).
    Removing core_cm3.o(.emb_text), (32 bytes).
    Removing startup_stm32f10x_md.o(HEAP), (512 bytes).
    Removing misc.o(.text), (20 bytes).
    Removing misc.o(.text), (24 bytes).
    Removing misc.o(.text), (36 bytes).
    Removing stm32f10x_gpio.o(.text), (200 bytes).
    Removing stm32f10x_gpio.o(.text), (20 bytes).
    Removing stm32f10x_gpio.o(.text), (20 bytes).
    Removing stm32f10x_gpio.o(.text), (24 bytes).
    Removing stm32f10x_gpio.o(.text), (8 bytes).
    Removing stm32f10x_gpio.o(.text), (24 bytes).
    Removing stm32f10x_gpio.o(.text), (8 bytes).
    Removing stm32f10x_gpio.o(.text), (4 bytes).
    Removing stm32f10x_gpio.o(.text), (10 bytes).
    Removing stm32f10x_gpio.o(.text), (4 bytes).
    Removing stm32f10x_gpio.o(.text), (20 bytes).
    Removing stm32f10x_gpio.o(.text), (36 bytes).
    Removing stm32f10x_gpio.o(.text), (12 bytes).
    Removing stm32f10x_gpio.o(.text), (160 bytes).
    Removing stm32f10x_gpio.o(.text), (88 bytes).
    Removing stm32f10x_gpio.o(.text), (12 bytes).
    Removing stm32f10x_usart.o(.text), (30 bytes).
    Removing stm32f10x_usart.o(.text), (46 bytes).
    Removing stm32f10x_usart.o(.text), (14 bytes).
    Removing stm32f10x_usart.o(.text), (88 bytes).
    Removing stm32f10x_usart.o(.text), (30 bytes).
    Removing stm32f10x_usart.o(.text), (22 bytes).
    Removing stm32f10x_usart.o(.text), (22 bytes).
    Removing stm32f10x_usart.o(.text), (26 bytes).
    Removing stm32f10x_usart.o(.text), (22 bytes).
    Removing stm32f10x_usart.o(.text), (26 bytes).
    Removing stm32f10x_usart.o(.text), (8 bytes).
    Removing stm32f10x_usart.o(.text), (10 bytes).
    Removing stm32f10x_usart.o(.text), (10 bytes).
    Removing stm32f10x_usart.o(.text), (16 bytes).
    Removing stm32f10x_usart.o(.text), (18 bytes).
    Removing stm32f10x_usart.o(.text), (26 bytes).
    Removing stm32f10x_usart.o(.text), (26 bytes).
    Removing stm32f10x_usart.o(.text), (26 bytes).
    Removing stm32f10x_usart.o(.text), (22 bytes).
    Removing stm32f10x_usart.o(.text), (26 bytes).
    Removing stm32f10x_usart.o(.text), (22 bytes).
    Removing stm32f10x_usart.o(.text), (26 bytes).
    Removing stm32f10x_usart.o(.text), (32 bytes).
    Removing stm32f10x_usart.o(.text), (20 bytes).
    Removing stm32f10x_usart.o(.text), (104 bytes).
    Removing stm32f10x_usart.o(.text), (40 bytes).
    Removing stm32f10x_rcc.o(.text), (80 bytes).
    Removing stm32f10x_rcc.o(.text), (76 bytes).
    Removing stm32f10x_rcc.o(.text), (72 bytes).
    Removing stm32f10x_rcc.o(.text), (56 bytes).
    Removing stm32f10x_rcc.o(.text), (28 bytes).
    Removing stm32f10x_rcc.o(.text), (12 bytes).
    Removing stm32f10x_rcc.o(.text), (32 bytes).
    Removing stm32f10x_rcc.o(.text), (12 bytes).
    Removing stm32f10x_rcc.o(.text), (28 bytes).
    Removing stm32f10x_rcc.o(.text), (16 bytes).
    Removing stm32f10x_rcc.o(.text), (28 bytes).
    Removing stm32f10x_rcc.o(.text), (28 bytes).
    Removing stm32f10x_rcc.o(.text), (28 bytes).
    Removing stm32f10x_rcc.o(.text), (40 bytes).
    Removing stm32f10x_rcc.o(.text), (12 bytes).
    Removing stm32f10x_rcc.o(.text), (28 bytes).
    Removing stm32f10x_rcc.o(.text), (60 bytes).
    Removing stm32f10x_rcc.o(.text), (12 bytes).
    Removing stm32f10x_rcc.o(.text), (20 bytes).
    Removing stm32f10x_rcc.o(.text), (12 bytes).
    Removing stm32f10x_rcc.o(.text), (36 bytes).
    Removing stm32f10x_rcc.o(.text), (36 bytes).
    Removing stm32f10x_rcc.o(.text), (12 bytes).
    Removing stm32f10x_rcc.o(.text), (12 bytes).
    Removing stm32f10x_rcc.o(.text), (12 bytes).
    Removing stm32f10x_rcc.o(.text), (20 bytes).
    Removing stm32f10x_rcc.o(.text), (32 bytes).
    Removing stm32f10x_rcc.o(.text), (12 bytes).

77 unused section(s) (total 3072 bytes) removed from the image.

==============================================================================

Image Symbol Table

    Local Symbols

    Symbol Name                              Value     Ov Type        Size  Object(Section)

    ../../microlib/division.c                0x00000000   Number         0  uldiv.o ABSOLUTE
    ../../microlib/division.c                0x00000000   Number         0  uidiv.o ABSOLUTE
    ../../microlib/f2d.c                     0x00000000   Number         0  f2d.o ABSOLUTE
    ../../microlib/fpadd.c                   0x00000000   Number         0  dadd.o ABSOLUTE
    ../../microlib/fpdiv.c                   0x00000000   Number         0  fdiv.o ABSOLUTE
    ../../microlib/fpdiv.c                   0x00000000   Number         0  ddiv.o ABSOLUTE
    ../../microlib/fpepilogue.c              0x00000000   Number         0  depilogue.o ABSOLUTE
    ../../microlib/fpepilogue.c              0x00000000   Number         0  fepilogue.o ABSOLUTE
    ../../microlib/fpfix.c                   0x00000000   Number         0  dfixul.o ABSOLUTE
    ../../microlib/fpflt.c                   0x00000000   Number         0  fflti.o ABSOLUTE
    ../../microlib/fpmul.c                   0x00000000   Number         0  dmul.o ABSOLUTE
    ../../microlib/init/entry.s              0x00000000   Number         0  entry7.o ABSOLUTE
    ../../microlib/init/entry.s              0x00000000   Number         0  entry5.o ABSOLUTE
    ../../microlib/init/entry.s              0x00000000   Number         0  entry2.o ABSOLUTE
    ../../microlib/init/entry.s              0x00000000   Number         0  entry.o ABSOLUTE
    ../../microlib/longlong.c                0x00000000   Number         0  llsshr.o ABSOLUTE
    ../../microlib/longlong.c                0x00000000   Number         0  llushr.o ABSOLUTE
    ../../microlib/longlong.c                0x00000000   Number         0  llshl.o ABSOLUTE
    ../../microlib/printf/printf.c           0x00000000   Number         0  printfb.o ABSOLUTE
    ../../microlib/printf/printf.c           0x00000000   Number         0  printfa.o ABSOLUTE
    ../../microlib/printf/printf.c           0x00000000   Number         0  printf8.o ABSOLUTE
    ../../microlib/printf/printf.c           0x00000000   Number         0  printf7.o ABSOLUTE
    ../../microlib/printf/printf.c           0x00000000   Number         0  printf5.o ABSOLUTE
    ../../microlib/printf/printf.c           0x00000000   Number         0  printf4.o ABSOLUTE
    ../../microlib/printf/printf.c           0x00000000   Number         0  printf3.o ABSOLUTE
    ../../microlib/printf/printf.c           0x00000000   Number         0  printf0.o ABSOLUTE
    ../../microlib/printf/printf.c           0x00000000   Number         0  printf2.o ABSOLUTE
    ../../microlib/printf/printf.c           0x00000000   Number         0  printf1.o ABSOLUTE
    ../../microlib/printf/printf.c           0x00000000   Number         0  printf6.o ABSOLUTE
    ../../microlib/printf/stubs.s            0x00000000   Number         0  stubs.o ABSOLUTE
    ../../microlib/stdio/streams.c           0x00000000   Number         0  stdout.o ABSOLUTE
    ../../microlib/stubs.s                   0x00000000   Number         0  iusefp.o ABSOLUTE
    ..\CORE\core_cm3.c                       0x00000000   Number         0  core_cm3.o ABSOLUTE
    ..\CORE\startup_stm32f10x_md.s           0x00000000   Number         0  startup_stm32f10x_md.o ABSOLUTE
    ..\HARDWARE\DHT12.c                      0x00000000   Number         0  dht12.o ABSOLUTE
    ..\HARDWARE\myiic.c                      0x00000000   Number         0  myiic.o ABSOLUTE
    ..\STM32F10x_FWLib\src\misc.c            0x00000000   Number         0  misc.o ABSOLUTE
    ..\STM32F10x_FWLib\src\stm32f10x_gpio.c  0x00000000   Number         0  stm32f10x_gpio.o ABSOLUTE
    ..\STM32F10x_FWLib\src\stm32f10x_rcc.c   0x00000000   Number         0  stm32f10x_rcc.o ABSOLUTE
    ..\STM32F10x_FWLib\src\stm32f10x_usart.c 0x00000000   Number         0  stm32f10x_usart.o ABSOLUTE
    ..\SYSTEM\delay\delay.c                  0x00000000   Number         0  delay.o ABSOLUTE
    ..\SYSTEM\sys\sys.c                      0x00000000   Number         0  sys.o ABSOLUTE
    ..\SYSTEM\usart\usart.c                  0x00000000   Number         0  usart.o ABSOLUTE
    ..\\CORE\\core_cm3.c                     0x00000000   Number         0  core_cm3.o ABSOLUTE
    cdrcmple.s                               0x00000000   Number         0  cdrcmple.o ABSOLUTE
    cfcmple.s                                0x00000000   Number         0  cfcmple.o ABSOLUTE
    cfrcmple.s                               0x00000000   Number         0  cfrcmple.o ABSOLUTE
    dc.s                                     0x00000000   Number         0  dc.o ABSOLUTE
    handlers.s                               0x00000000   Number         0  handlers.o ABSOLUTE
    init.s                                   0x00000000   Number         0  init.o ABSOLUTE
    main.c                                   0x00000000   Number         0  main.o ABSOLUTE
    system_stm32f10x.c                       0x00000000   Number         0  system_stm32f10x.o ABSOLUTE
    RESET                                    0x08000000   Section      236  startup_stm32f10x_md.o(RESET)
    .ARM.Collect$$$$00000000                 0x080000ec   Section        0  entry.o(.ARM.Collect$$$$00000000)
    .ARM.Collect$$$$00000001                 0x080000ec   Section        4  entry2.o(.ARM.Collect$$$$00000001)
    .ARM.Collect$$$$00000004                 0x080000f0   Section        4  entry5.o(.ARM.Collect$$$$00000004)
    .ARM.Collect$$$$00000007                 0x080000f4   Section        8  entry7.o(.ARM.Collect$$$$00000007)
    .ARM.Collect$$$$00002712                 0x080000fc   Section        4  entry2.o(.ARM.Collect$$$$00002712)
    __lit__00000000                          0x080000fc   Data           4  entry2.o(.ARM.Collect$$$$00002712)
    .text                                    0x08000100   Section        0  system_stm32f10x.o(.text)
    SetSysClockTo72                          0x08000101   Thumb Code   200  system_stm32f10x.o(.text)
    SetSysClock                              0x080001c9   Thumb Code     8  system_stm32f10x.o(.text)
    .text                                    0x08000238   Section        0  main.o(.text)
    .text                                    0x08000260   Section        0  delay.o(.text)
    .text                                    0x08000334   Section        0  usart.o(.text)
    .text                                    0x080003f8   Section       36  startup_stm32f10x_md.o(.text)
    .text                                    0x0800041c   Section        0  misc.o(.text)
    .text                                    0x080004d0   Section        0  stm32f10x_gpio.o(.text)
    .text                                    0x080005f8   Section        0  stm32f10x_usart.o(.text)
    .text                                    0x080007a8   Section        0  stm32f10x_rcc.o(.text)
    .text                                    0x080008f0   Section        0  dht12.o(.text)
    .text                                    0x08000b1c   Section        0  myiic.o(.text)
    .text                                    0x08000e04   Section        0  fdiv.o(.text)
    .text                                    0x08000e84   Section        0  fflti.o(.text)
    .text                                    0x08000e96   Section        0  f2d.o(.text)
    .text                                    0x08000ec4   Section       20  cfcmple.o(.text)
    .text                                    0x08000ed8   Section       20  cfrcmple.o(.text)
    .text                                    0x08000eec   Section        0  uidiv.o(.text)
    .text                                    0x08000f18   Section        0  uldiv.o(.text)
    .text                                    0x08000f7a   Section        0  iusefp.o(.text)
    .text                                    0x08000f7a   Section        0  fepilogue.o(.text)
    .text                                    0x08000fe6   Section        0  dadd.o(.text)
    .text                                    0x08001130   Section        0  dmul.o(.text)
    .text                                    0x08001210   Section        0  ddiv.o(.text)
    .text                                    0x080012ee   Section        0  dfixul.o(.text)
    .text                                    0x08001320   Section       40  cdrcmple.o(.text)
    .text                                    0x08001348   Section       36  init.o(.text)
    .text                                    0x0800136c   Section        0  llshl.o(.text)
    .text                                    0x0800138a   Section        0  llushr.o(.text)
    .text                                    0x080013aa   Section        0  llsshr.o(.text)
    .text                                    0x080013ce   Section        0  depilogue.o(.text)
    i.__0printf                              0x08001490   Section        0  printfa.o(i.__0printf)
    i.__scatterload_copy                     0x080014b0   Section       14  handlers.o(i.__scatterload_copy)
    i.__scatterload_null                     0x080014be   Section        2  handlers.o(i.__scatterload_null)
    i.__scatterload_zeroinit                 0x080014c0   Section       14  handlers.o(i.__scatterload_zeroinit)
    i._fp_digits                             0x080014d0   Section        0  printfa.o(i._fp_digits)
    _fp_digits                               0x080014d1   Thumb Code   318  printfa.o(i._fp_digits)
    i._printf_core                           0x08001624   Section        0  printfa.o(i._printf_core)
    _printf_core                             0x08001625   Thumb Code  1778  printfa.o(i._printf_core)
    i._printf_post_padding                   0x08001d24   Section        0  printfa.o(i._printf_post_padding)
    _printf_post_padding                     0x08001d25   Thumb Code    38  printfa.o(i._printf_post_padding)
    i._printf_pre_padding                    0x08001d4a   Section        0  printfa.o(i._printf_pre_padding)
    _printf_pre_padding                      0x08001d4b   Thumb Code    46  printfa.o(i._printf_pre_padding)
    .data                                    0x20000000   Section       20  system_stm32f10x.o(.data)
    .data                                    0x20000014   Section        4  delay.o(.data)
    fac_us                                   0x20000014   Data           1  delay.o(.data)
    fac_ms                                   0x20000016   Data           2  delay.o(.data)
    .data                                    0x20000018   Section       20  stm32f10x_rcc.o(.data)
    APBAHBPrescTable                         0x20000018   Data          16  stm32f10x_rcc.o(.data)
    ADCPrescTable                            0x20000028   Data           4  stm32f10x_rcc.o(.data)
    .data                                    0x2000002c   Section        8  dht12.o(.data)
    .data                                    0x20000034   Section        4  stdout.o(.data)
    STACK                                    0x20000038   Section     1024  startup_stm32f10x_md.o(STACK)

    Global Symbols

    Symbol Name                              Value     Ov Type        Size  Object(Section)

    BuildAttributes$$THM_ISAv4$P$D$K$B$S$PE$A:L22UL41UL21$X:L11$S22US41US21$IEEE1$IW$USESV6$~STKCKD$USESV7$~SHL$OTIME$ROPI$EBA8$MICROLIB$REQ8$PRES8$EABIv2 0x00000000   Number         0  anon$$obj.o ABSOLUTE
    __ARM_use_no_argv                        0x00000000   Number         0  main.o ABSOLUTE
    _printf_a                                0x00000000   Number         0  stubs.o ABSOLUTE
    _printf_c                                0x00000000   Number         0  stubs.o ABSOLUTE
    _printf_charcount                        0x00000000   Number         0  stubs.o ABSOLUTE
    _printf_d                                0x00000000   Number         0  stubs.o ABSOLUTE
    _printf_e                                0x00000000   Number         0  stubs.o ABSOLUTE
    _printf_f                                0x00000000   Number         0  stubs.o ABSOLUTE
    _printf_flags                            0x00000000   Number         0  stubs.o ABSOLUTE
    _printf_fp_dec                           0x00000000   Number         0  stubs.o ABSOLUTE
    _printf_fp_hex                           0x00000000   Number         0  stubs.o ABSOLUTE
    _printf_g                                0x00000000   Number         0  stubs.o ABSOLUTE
    _printf_i                                0x00000000   Number         0  stubs.o ABSOLUTE
    _printf_int_dec                          0x00000000   Number         0  stubs.o ABSOLUTE
    _printf_l                                0x00000000   Number         0  stubs.o ABSOLUTE
    _printf_lc                               0x00000000   Number         0  stubs.o ABSOLUTE
    _printf_ll                               0x00000000   Number         0  stubs.o ABSOLUTE
    _printf_lld                              0x00000000   Number         0  stubs.o ABSOLUTE
    _printf_lli                              0x00000000   Number         0  stubs.o ABSOLUTE
    _printf_llo                              0x00000000   Number         0  stubs.o ABSOLUTE
    _printf_llu                              0x00000000   Number         0  stubs.o ABSOLUTE
    _printf_llx                              0x00000000   Number         0  stubs.o ABSOLUTE
    _printf_longlong_dec                     0x00000000   Number         0  stubs.o ABSOLUTE
    _printf_longlong_hex                     0x00000000   Number         0  stubs.o ABSOLUTE
    _printf_longlong_oct                     0x00000000   Number         0  stubs.o ABSOLUTE
    _printf_ls                               0x00000000   Number         0  stubs.o ABSOLUTE
    _printf_mbtowc                           0x00000000   Number         0  stubs.o ABSOLUTE
    _printf_n                                0x00000000   Number         0  stubs.o ABSOLUTE
    _printf_o                                0x00000000   Number         0  stubs.o ABSOLUTE
    _printf_p                                0x00000000   Number         0  stubs.o ABSOLUTE
    _printf_percent                          0x00000000   Number         0  stubs.o ABSOLUTE
    _printf_pre_padding                      0x00000000   Number         0  stubs.o ABSOLUTE
    _printf_return_value                     0x00000000   Number         0  stubs.o ABSOLUTE
    _printf_s                                0x00000000   Number         0  stubs.o ABSOLUTE
    _printf_sizespec                         0x00000000   Number         0  stubs.o ABSOLUTE
    _printf_str                              0x00000000   Number         0  stubs.o ABSOLUTE
    _printf_truncate_signed                  0x00000000   Number         0  stubs.o ABSOLUTE
    _printf_truncate_unsigned                0x00000000   Number         0  stubs.o ABSOLUTE
    _printf_u                                0x00000000   Number         0  stubs.o ABSOLUTE
    _printf_wc                               0x00000000   Number         0  stubs.o ABSOLUTE
    _printf_wctomb                           0x00000000   Number         0  stubs.o ABSOLUTE
    _printf_widthprec                        0x00000000   Number         0  stubs.o ABSOLUTE
    _printf_x                                0x00000000   Number         0  stubs.o ABSOLUTE
    __decompress                              - Undefined Weak Reference
    __Vectors_Size                           0x000000ec   Number         0  startup_stm32f10x_md.o ABSOLUTE
    __Vectors                                0x08000000   Data           4  startup_stm32f10x_md.o(RESET)
    __Vectors_End                            0x080000ec   Data           0  startup_stm32f10x_md.o(RESET)
    __main                                   0x080000ed   Thumb Code     0  entry.o(.ARM.Collect$$$$00000000)
    _main_stk                                0x080000ed   Thumb Code     0  entry2.o(.ARM.Collect$$$$00000001)
    _main_scatterload                        0x080000f1   Thumb Code     0  entry5.o(.ARM.Collect$$$$00000004)
    __main_after_scatterload                 0x080000f5   Thumb Code     0  entry5.o(.ARM.Collect$$$$00000004)
    _main_init                               0x080000f5   Thumb Code     0  entry7.o(.ARM.Collect$$$$00000007)
    SystemInit                               0x080001d1   Thumb Code    82  system_stm32f10x.o(.text)
    main                                     0x08000239   Thumb Code    40  main.o(.text)
    delay_init                               0x08000261   Thumb Code    42  delay.o(.text)
    delay_us                                 0x0800028b   Thumb Code    76  delay.o(.text)
    delay_ms                                 0x080002d7   Thumb Code    76  delay.o(.text)
    fputc                                    0x08000335   Thumb Code    20  usart.o(.text)
    uart_init                                0x08000349   Thumb Code   164  usart.o(.text)
    Reset_Handler                            0x080003f9   Thumb Code     8  startup_stm32f10x_md.o(.text)
    NMI_Handler                              0x08000401   Thumb Code     2  startup_stm32f10x_md.o(.text)
    HardFault_Handler                        0x08000403   Thumb Code     2  startup_stm32f10x_md.o(.text)
    MemManage_Handler                        0x08000405   Thumb Code     2  startup_stm32f10x_md.o(.text)
    BusFault_Handler                         0x08000407   Thumb Code     2  startup_stm32f10x_md.o(.text)
    UsageFault_Handler                       0x08000409   Thumb Code     2  startup_stm32f10x_md.o(.text)
    SVC_Handler                              0x0800040b   Thumb Code     2  startup_stm32f10x_md.o(.text)
    DebugMon_Handler                         0x0800040d   Thumb Code     2  startup_stm32f10x_md.o(.text)
    PendSV_Handler                           0x0800040f   Thumb Code     2  startup_stm32f10x_md.o(.text)
    SysTick_Handler                          0x08000411   Thumb Code     2  startup_stm32f10x_md.o(.text)
    ADC1_2_IRQHandler                        0x08000413   Thumb Code     0  startup_stm32f10x_md.o(.text)
    CAN1_RX1_IRQHandler                      0x08000413   Thumb Code     0  startup_stm32f10x_md.o(.text)
    CAN1_SCE_IRQHandler                      0x08000413   Thumb Code     0  startup_stm32f10x_md.o(.text)
    DMA1_Channel1_IRQHandler                 0x08000413   Thumb Code     0  startup_stm32f10x_md.o(.text)
    DMA1_Channel2_IRQHandler                 0x08000413   Thumb Code     0  startup_stm32f10x_md.o(.text)
    DMA1_Channel3_IRQHandler                 0x08000413   Thumb Code     0  startup_stm32f10x_md.o(.text)
    DMA1_Channel4_IRQHandler                 0x08000413   Thumb Code     0  startup_stm32f10x_md.o(.text)
    DMA1_Channel5_IRQHandler                 0x08000413   Thumb Code     0  startup_stm32f10x_md.o(.text)
    DMA1_Channel6_IRQHandler                 0x08000413   Thumb Code     0  startup_stm32f10x_md.o(.text)
    DMA1_Channel7_IRQHandler                 0x08000413   Thumb Code     0  startup_stm32f10x_md.o(.text)
    EXTI0_IRQHandler                         0x08000413   Thumb Code     0  startup_stm32f10x_md.o(.text)
    EXTI15_10_IRQHandler                     0x08000413   Thumb Code     0  startup_stm32f10x_md.o(.text)
    EXTI1_IRQHandler                         0x08000413   Thumb Code     0  startup_stm32f10x_md.o(.text)
    EXTI2_IRQHandler                         0x08000413   Thumb Code     0  startup_stm32f10x_md.o(.text)
    EXTI3_IRQHandler                         0x08000413   Thumb Code     0  startup_stm32f10x_md.o(.text)
    EXTI4_IRQHandler                         0x08000413   Thumb Code     0  startup_stm32f10x_md.o(.text)
    EXTI9_5_IRQHandler                       0x08000413   Thumb Code     0  startup_stm32f10x_md.o(.text)
    FLASH_IRQHandler                         0x08000413   Thumb Code     0  startup_stm32f10x_md.o(.text)
    I2C1_ER_IRQHandler                       0x08000413   Thumb Code     0  startup_stm32f10x_md.o(.text)
    I2C1_EV_IRQHandler                       0x08000413   Thumb Code     0  startup_stm32f10x_md.o(.text)
    I2C2_ER_IRQHandler                       0x08000413   Thumb Code     0  startup_stm32f10x_md.o(.text)
    I2C2_EV_IRQHandler                       0x08000413   Thumb Code     0  startup_stm32f10x_md.o(.text)
    PVD_IRQHandler                           0x08000413   Thumb Code     0  startup_stm32f10x_md.o(.text)
    RCC_IRQHandler                           0x08000413   Thumb Code     0  startup_stm32f10x_md.o(.text)
    RTCAlarm_IRQHandler                      0x08000413   Thumb Code     0  startup_stm32f10x_md.o(.text)
    RTC_IRQHandler                           0x08000413   Thumb Code     0  startup_stm32f10x_md.o(.text)
    SPI1_IRQHandler                          0x08000413   Thumb Code     0  startup_stm32f10x_md.o(.text)
    SPI2_IRQHandler                          0x08000413   Thumb Code     0  startup_stm32f10x_md.o(.text)
    TAMPER_IRQHandler                        0x08000413   Thumb Code     0  startup_stm32f10x_md.o(.text)
    TIM1_BRK_IRQHandler                      0x08000413   Thumb Code     0  startup_stm32f10x_md.o(.text)
    TIM1_CC_IRQHandler                       0x08000413   Thumb Code     0  startup_stm32f10x_md.o(.text)
    TIM1_TRG_COM_IRQHandler                  0x08000413   Thumb Code     0  startup_stm32f10x_md.o(.text)
    TIM1_UP_IRQHandler                       0x08000413   Thumb Code     0  startup_stm32f10x_md.o(.text)
    TIM2_IRQHandler                          0x08000413   Thumb Code     0  startup_stm32f10x_md.o(.text)
    TIM3_IRQHandler                          0x08000413   Thumb Code     0  startup_stm32f10x_md.o(.text)
    TIM4_IRQHandler                          0x08000413   Thumb Code     0  startup_stm32f10x_md.o(.text)
    USART1_IRQHandler                        0x08000413   Thumb Code     0  startup_stm32f10x_md.o(.text)
    USART2_IRQHandler                        0x08000413   Thumb Code     0  startup_stm32f10x_md.o(.text)
    USART3_IRQHandler                        0x08000413   Thumb Code     0  startup_stm32f10x_md.o(.text)
    USBWakeUp_IRQHandler                     0x08000413   Thumb Code     0  startup_stm32f10x_md.o(.text)
    USB_HP_CAN1_TX_IRQHandler                0x08000413   Thumb Code     0  startup_stm32f10x_md.o(.text)
    USB_LP_CAN1_RX0_IRQHandler               0x08000413   Thumb Code     0  startup_stm32f10x_md.o(.text)
    WWDG_IRQHandler                          0x08000413   Thumb Code     0  startup_stm32f10x_md.o(.text)
    NVIC_Init                                0x0800041d   Thumb Code   128  misc.o(.text)
    SysTick_CLKSourceConfig                  0x0800049d   Thumb Code    40  misc.o(.text)
    GPIO_Init                                0x080004d1   Thumb Code   292  stm32f10x_gpio.o(.text)
    GPIO_SetBits                             0x080005f5   Thumb Code     4  stm32f10x_gpio.o(.text)
    USART_DeInit                             0x080005f9   Thumb Code   134  stm32f10x_usart.o(.text)
    USART_Init                               0x0800067f   Thumb Code   250  stm32f10x_usart.o(.text)
    USART_Cmd                                0x08000779   Thumb Code    26  stm32f10x_usart.o(.text)
    RCC_GetClocksFreq                        0x080007a9   Thumb Code   216  stm32f10x_rcc.o(.text)
    RCC_APB2PeriphClockCmd                   0x08000881   Thumb Code    30  stm32f10x_rcc.o(.text)
    RCC_APB2PeriphResetCmd                   0x0800089f   Thumb Code    30  stm32f10x_rcc.o(.text)
    RCC_APB1PeriphResetCmd                   0x080008bd   Thumb Code    30  stm32f10x_rcc.o(.text)
    sensor_iic_init                          0x080008f1   Thumb Code     8  dht12.o(.text)
    sensor_read                              0x080008f9   Thumb Code   404  dht12.o(.text)
    IIC_Init                                 0x08000b1d   Thumb Code    54  myiic.o(.text)
    IIC_Start                                0x08000b53   Thumb Code    74  myiic.o(.text)
    IIC_Stop                                 0x08000b9d   Thumb Code    74  myiic.o(.text)
    IIC_Wait_Ack                             0x08000be7   Thumb Code   118  myiic.o(.text)
    IIC_Ack                                  0x08000c5d   Thumb Code    78  myiic.o(.text)
    IIC_NAck                                 0x08000cab   Thumb Code    78  myiic.o(.text)
    IIC_Send_Byte                            0x08000cf9   Thumb Code   120  myiic.o(.text)
    IIC_Read_Byte                            0x08000d71   Thumb Code   124  myiic.o(.text)
    __aeabi_fdiv                             0x08000e05   Thumb Code   128  fdiv.o(.text)
    __aeabi_i2f                              0x08000e85   Thumb Code    18  fflti.o(.text)
    __aeabi_f2d                              0x08000e97   Thumb Code    44  f2d.o(.text)
    __aeabi_cfcmpeq                          0x08000ec5   Thumb Code     0  cfcmple.o(.text)
    __aeabi_cfcmple                          0x08000ec5   Thumb Code    20  cfcmple.o(.text)
    __aeabi_cfrcmple                         0x08000ed9   Thumb Code    20  cfrcmple.o(.text)
    __aeabi_uidiv                            0x08000eed   Thumb Code     0  uidiv.o(.text)
    __aeabi_uidivmod                         0x08000eed   Thumb Code    44  uidiv.o(.text)
    __aeabi_uldivmod                         0x08000f19   Thumb Code    98  uldiv.o(.text)
    __I$use$fp                               0x08000f7b   Thumb Code     0  iusefp.o(.text)
    _float_round                             0x08000f7b   Thumb Code    18  fepilogue.o(.text)
    _float_epilogue                          0x08000f8d   Thumb Code    90  fepilogue.o(.text)
    __aeabi_dadd                             0x08000fe7   Thumb Code   318  dadd.o(.text)
    __aeabi_dsub                             0x08001125   Thumb Code     6  dadd.o(.text)
    __aeabi_drsub                            0x0800112b   Thumb Code     6  dadd.o(.text)
    __aeabi_dmul                             0x08001131   Thumb Code   224  dmul.o(.text)
    __aeabi_ddiv                             0x08001211   Thumb Code   222  ddiv.o(.text)
    __aeabi_d2ulz                            0x080012ef   Thumb Code    48  dfixul.o(.text)
    __aeabi_cdrcmple                         0x08001321   Thumb Code    38  cdrcmple.o(.text)
    __scatterload                            0x08001349   Thumb Code    28  init.o(.text)
    __scatterload_rt2                        0x08001349   Thumb Code     0  init.o(.text)
    __aeabi_llsl                             0x0800136d   Thumb Code    30  llshl.o(.text)
    _ll_shift_l                              0x0800136d   Thumb Code     0  llshl.o(.text)
    __aeabi_llsr                             0x0800138b   Thumb Code    32  llushr.o(.text)
    _ll_ushift_r                             0x0800138b   Thumb Code     0  llushr.o(.text)
    __aeabi_lasr                             0x080013ab   Thumb Code    36  llsshr.o(.text)
    _ll_sshift_r                             0x080013ab   Thumb Code     0  llsshr.o(.text)
    _double_round                            0x080013cf   Thumb Code    26  depilogue.o(.text)
    _double_epilogue                         0x080013e9   Thumb Code   168  depilogue.o(.text)
    __0printf                                0x08001491   Thumb Code    22  printfa.o(i.__0printf)
    __1printf                                0x08001491   Thumb Code     0  printfa.o(i.__0printf)
    __2printf                                0x08001491   Thumb Code     0  printfa.o(i.__0printf)
    __c89printf                              0x08001491   Thumb Code     0  printfa.o(i.__0printf)
    printf                                   0x08001491   Thumb Code     0  printfa.o(i.__0printf)
    __scatterload_copy                       0x080014b1   Thumb Code    14  handlers.o(i.__scatterload_copy)
    __scatterload_null                       0x080014bf   Thumb Code     2  handlers.o(i.__scatterload_null)
    __scatterload_zeroinit                   0x080014c1   Thumb Code    14  handlers.o(i.__scatterload_zeroinit)
    Region$$Table$$Base                      0x08001d78   Number         0  anon$$obj.o(Region$$Table)
    Region$$Table$$Limit                     0x08001d98   Number         0  anon$$obj.o(Region$$Table)
    SystemCoreClock                          0x20000000   Data           4  system_stm32f10x.o(.data)
    AHBPrescTable                            0x20000004   Data          16  system_stm32f10x.o(.data)
    Temprature                               0x2000002c   Data           4  dht12.o(.data)
    Humi                                     0x20000030   Data           4  dht12.o(.data)
    __stdout                                 0x20000034   Data           4  stdout.o(.data)
    __initial_sp                             0x20000438   Data           0  startup_stm32f10x_md.o(STACK)



==============================================================================

Memory Map of the image

  Image Entry point : 0x080000ed

  Load Region LR_IROM1 (Base: 0x08000000, Size: 0x00001dd0, Max: 0x00040000, ABSOLUTE)

    Execution Region ER_IROM1 (Base: 0x08000000, Size: 0x00001d98, Max: 0x00040000, ABSOLUTE)

    Base Addr    Size         Type   Attr      Idx    E Section Name        Object

    0x08000000   0x000000ec   Data   RO          198    RESET               startup_stm32f10x_md.o
    0x080000ec   0x00000000   Code   RO          718  * .ARM.Collect$$$$00000000  mc_w.l(entry.o)
    0x080000ec   0x00000004   Code   RO          992    .ARM.Collect$$$$00000001  mc_w.l(entry2.o)
    0x080000f0   0x00000004   Code   RO          995    .ARM.Collect$$$$00000004  mc_w.l(entry5.o)
    0x080000f4   0x00000008   Code   RO          996    .ARM.Collect$$$$00000007  mc_w.l(entry7.o)
    0x080000fc   0x00000004   Code   RO          993    .ARM.Collect$$$$00002712  mc_w.l(entry2.o)
    0x08000100   0x00000138   Code   RO            1    .text               system_stm32f10x.o
    0x08000238   0x00000028   Code   RO           61    .text               main.o
    0x08000260   0x000000d4   Code   RO          127    .text               delay.o
    0x08000334   0x000000c4   Code   RO          173    .text               usart.o
    0x080003f8   0x00000024   Code   RO          199    .text               startup_stm32f10x_md.o
    0x0800041c   0x000000b4   Code   RO          204    .text               misc.o
    0x080004d0   0x00000128   Code   RO          235    .text               stm32f10x_gpio.o
    0x080005f8   0x000001b0   Code   RO          341    .text               stm32f10x_usart.o
    0x080007a8   0x00000148   Code   RO          529    .text               stm32f10x_rcc.o
    0x080008f0   0x0000022c   Code   RO          691    .text               dht12.o
    0x08000b1c   0x000002e8   Code   RO          706    .text               myiic.o
    0x08000e04   0x00000080   Code   RO          982    .text               mf_w.l(fdiv.o)
    0x08000e84   0x00000012   Code   RO          984    .text               mf_w.l(fflti.o)
    0x08000e96   0x0000002c   Code   RO          986    .text               mf_w.l(f2d.o)
    0x08000ec2   0x00000002   PAD
    0x08000ec4   0x00000014   Code   RO          988    .text               mf_w.l(cfcmple.o)
    0x08000ed8   0x00000014   Code   RO          990    .text               mf_w.l(cfrcmple.o)
    0x08000eec   0x0000002c   Code   RO          998    .text               mc_w.l(uidiv.o)
    0x08000f18   0x00000062   Code   RO         1000    .text               mc_w.l(uldiv.o)
    0x08000f7a   0x00000000   Code   RO         1002    .text               mc_w.l(iusefp.o)
    0x08000f7a   0x0000006c   Code   RO         1003    .text               mf_w.l(fepilogue.o)
    0x08000fe6   0x0000014a   Code   RO         1005    .text               mf_w.l(dadd.o)
    0x08001130   0x000000e0   Code   RO         1007    .text               mf_w.l(dmul.o)
    0x08001210   0x000000de   Code   RO         1009    .text               mf_w.l(ddiv.o)
    0x080012ee   0x00000030   Code   RO         1011    .text               mf_w.l(dfixul.o)
    0x0800131e   0x00000002   PAD
    0x08001320   0x00000028   Code   RO         1013    .text               mf_w.l(cdrcmple.o)
    0x08001348   0x00000024   Code   RO         1015    .text               mc_w.l(init.o)
    0x0800136c   0x0000001e   Code   RO         1017    .text               mc_w.l(llshl.o)
    0x0800138a   0x00000020   Code   RO         1019    .text               mc_w.l(llushr.o)
    0x080013aa   0x00000024   Code   RO         1021    .text               mc_w.l(llsshr.o)
    0x080013ce   0x000000c2   Code   RO         1023    .text               mf_w.l(depilogue.o)
    0x08001490   0x00000020   Code   RO          954    i.__0printf         mc_w.l(printfa.o)
    0x080014b0   0x0000000e   Code   RO         1027    i.__scatterload_copy  mc_w.l(handlers.o)
    0x080014be   0x00000002   Code   RO         1028    i.__scatterload_null  mc_w.l(handlers.o)
    0x080014c0   0x0000000e   Code   RO         1029    i.__scatterload_zeroinit  mc_w.l(handlers.o)
    0x080014ce   0x00000002   PAD
    0x080014d0   0x00000154   Code   RO          961    i._fp_digits        mc_w.l(printfa.o)
    0x08001624   0x00000700   Code   RO          962    i._printf_core      mc_w.l(printfa.o)
    0x08001d24   0x00000026   Code   RO          963    i._printf_post_padding  mc_w.l(printfa.o)
    0x08001d4a   0x0000002e   Code   RO          964    i._printf_pre_padding  mc_w.l(printfa.o)
    0x08001d78   0x00000020   Data   RO         1025    Region$$Table       anon$$obj.o


    Execution Region RW_IRAM1 (Base: 0x20000000, Size: 0x00000438, Max: 0x00005000, ABSOLUTE)

    Base Addr    Size         Type   Attr      Idx    E Section Name        Object

    0x20000000   0x00000014   Data   RW            3    .data               system_stm32f10x.o
    0x20000014   0x00000004   Data   RW          128    .data               delay.o
    0x20000018   0x00000014   Data   RW          538    .data               stm32f10x_rcc.o
    0x2000002c   0x00000008   Data   RW          692    .data               dht12.o
    0x20000034   0x00000004   Data   RW          997    .data               mc_w.l(stdout.o)
    0x20000038   0x00000400   Zero   RW          196    STACK               startup_stm32f10x_md.o


==============================================================================

Image component sizes


      Code (inc. data)   RO Data    RW Data    ZI Data      Debug   Object Name

         0          0          0          0          0         32   core_cm3.o
       212         18          0          4          0        923   delay.o
       556        144          0          8          0       1248   dht12.o
        40          0          0          0          0     220451   main.o
       180         12          0          0          0       1136   misc.o
       744         24          0          0          0       1844   myiic.o
        36          8        236          0       1024        728   startup_stm32f10x_md.o
       296          0          0          0          0       2089   stm32f10x_gpio.o
       328         22          0         20          0       3753   stm32f10x_rcc.o
       432         22          0          0          0       2596   stm32f10x_usart.o
         0          0          0          0          0     204640   sys.o
       312         22          0         20          0      28441   system_stm32f10x.o
       196         12          0          0          0        822   usart.o

    ----------------------------------------------------------------------
      3332        284        268         52       1024     468703   Object Totals
         0          0         32          0          0          0   (incl. Generated)
         0          0          0          0          0          0   (incl. Padding)

    ----------------------------------------------------------------------

      Code (inc. data)   RO Data    RW Data    ZI Data      Debug   Library Member Name

         0          0          0          0          0          0   entry.o
         8          4          0          0          0          0   entry2.o
         4          0          0          0          0          0   entry5.o
         8          4          0          0          0          0   entry7.o
        30          0          0          0          0          0   handlers.o
        36          8          0          0          0         68   init.o
         0          0          0          0          0          0   iusefp.o
        30          0          0          0          0         68   llshl.o
        36          0          0          0          0         68   llsshr.o
        32          0          0          0          0         68   llushr.o
      2248         92          0          0          0        444   printfa.o
         0          0          0          4          0          0   stdout.o
        44          0          0          0          0         80   uidiv.o
        98          0          0          0          0         92   uldiv.o
        40          2          0          0          0         68   cdrcmple.o
        20          0          0          0          0         68   cfcmple.o
        20          0          0          0          0         68   cfrcmple.o
       330          0          0          0          0        148   dadd.o
       222          0          0          0          0        100   ddiv.o
       194          0          0          0          0        184   depilogue.o
        48          0          0          0          0         68   dfixul.o
       224          0          0          0          0         96   dmul.o
        44          0          0          0          0         68   f2d.o
       128          0          0          0          0         88   fdiv.o
       108          0          0          0          0        168   fepilogue.o
        18          0          0          0          0         68   fflti.o

    ----------------------------------------------------------------------
      3976        110          0          4          0       2080   Library Totals
         6          0          0          0          0          0   (incl. Padding)

    ----------------------------------------------------------------------

      Code (inc. data)   RO Data    RW Data    ZI Data      Debug   Library Name

      2574        108          0          4          0        888   mc_w.l
      1396          2          0          0          0       1192   mf_w.l

    ----------------------------------------------------------------------
      3976        110          0          4          0       2080   Library Totals

    ----------------------------------------------------------------------

==============================================================================


      Code (inc. data)   RO Data    RW Data    ZI Data      Debug   

      7308        394        268         56       1024     469119   Grand Totals
      7308        394        268         56       1024     469119   ELF Image Totals
      7308        394        268         56          0          0   ROM Totals

==============================================================================

    Total RO  Size (Code + RO Data)                 7576 (   7.40kB)
    Total RW  Size (RW Data + ZI Data)              1080 (   1.05kB)
    Total ROM Size (Code + RO Data + RW Data)       7632 (   7.45kB)

==============================================================================

