<html>
<body>
<pre>
<h1>礦ision Build Log</h1>
<h2>Tool Versions:</h2>
IDE-Version: μVision V5.21.1.0
Copyright (C) 2016 ARM Ltd and ARM Germany GmbH. All rights reserved.
License Information: lin dreg, jjkj, LIC=ATTQ1-CG440-EVZ1R-K7AEW-8NH0V-L3A1N
 
Tool Versions:
Toolchain:       MDK-ARM Plus  Version: 5.21a
Toolchain Path:  C:\Keil_v5\ARM\ARMCC\Bin
C Compiler:      Armcc.exe V5.06 update 3 (build 300)
Assembler:       Armasm.exe V5.06 update 3 (build 300)
Linker/Locator:  ArmLink.exe V5.06 update 3 (build 300)
Library Manager: ArmAr.exe V5.06 update 3 (build 300)
Hex Converter:   FromElf.exe V5.06 update 3 (build 300)
CPU DLL:         SARMCM3.DLL V5.21a
Dialog DLL:      DCM.DLL V1.13.8.0
Target DLL:      CMSIS_AGDI.dll V1.26.5.0
Dialog DLL:      TCM.DLL V1.14.14.0
 
<h2>Project:</h2>
D:\桌面\matlab串口资料\keil下位机\1.硬件定时ADC模数转换实验\Template.uvprojx
Project File Date:  01/14/2021

<h2>Output:</h2>
*** Using Compiler 'V5.06 update 3 (build 300)', folder: 'C:\Keil_v5\ARM\ARMCC\Bin'
Build target 'Target 1'
compiling stm32f4xx_it.c...
assembling startup_stm32f429xx.s...
compiling system_stm32f4xx.c...
compiling main.c...
User\main.c(28): warning:  #177-D: variable "value0" was declared but never referenced
  	u16 value0=0,value1=0;
User\main.c(28): warning:  #177-D: variable "value1" was declared but never referenced
  	u16 value0=0,value1=0;
User\main.c(29): warning:  #177-D: variable "vol0" was declared but never referenced
  	float vol0,vol1;
User\main.c(29): warning:  #177-D: variable "vol1" was declared but never referenced
  	float vol0,vol1;
User\main.c: 4 warnings, 0 errors
compiling stm32f4xx_hal.c...
compiling stm32f4xx_hal_gpio.c...
compiling stm32f4xx_hal_rcc.c...
compiling stm32f4xx_hal_cortex.c...
compiling stm32f4xx_hal_pwr_ex.c...
compiling stm32f4xx_hal_rcc_ex.c...
compiling stm32f4xx_hal_pwr.c...
compiling stm32f4xx_hal_tim_ex.c...
compiling stm32f4xx_hal_tim.c...
compiling stm32f4xx_hal_dma.c...
compiling stm32f4xx_hal_dma_ex.c...
compiling stm32f4xx_hal_uart.c...
compiling stm32f4xx_hal_usart.c...
compiling stm32f4xx_hal_iwdg.c...
compiling stm32f4xx_hal_wwdg.c...
compiling stm32f4xx_hal_rng.c...
compiling stm32f4xx_hal_adc.c...
compiling stm32f4xx_hal_adc_ex.c...
compiling time.c...
compiling led.c...
compiling adc.c...
compiling usart.c...
compiling system.c...
compiling SysTick.c...
linking...
Program Size: Code=13756 RO-data=544 RW-data=36 ZI-data=1220  
FromELF: creating hex file...
".\Obj\Template.axf" - 0 Error(s), 4 Warning(s).

<h2>Collection of Component include folders:</h2>
  D:\桌面\matlab串口资料\keil下位机\1.硬件定时ADC模数转换实验\RTE
  C:\Keil_v5\ARM\PACK\Keil\STM32F4xx_DFP\2.9.0\Drivers\CMSIS\Device\ST\STM32F4xx\Include

<h2>Collection of Component Files used:</h2>
Build Time Elapsed:  00:01:03
</pre>
</body>
</html>
