<html>
<body>
<pre>
<h1>礦ision Build Log</h1>
<h2>Project:</h2>
C:\Users\11153\Desktop\ds18b20\project\stm32f103c8.uvproj
Project File Date:  08/04/2019

<h2>Output:</h2>
Build target 'stm32f103c8'
compiling DHT11.c...
compiling main.c...
linking...
Program Size: Code=20960 RO-data=316 RW-data=84 ZI-data=1340  
FromELF: creating hex file...
".\stm32f103c8.axf" - 0 Error(s), 0 Warning(s).
Load "C:\\Users\\11153\\Desktop\\ds18b20\\project\\stm32f103c8.axf" 
Full Chip Erase Done.
Programming Done.
Verify OK.
Application running ...
</pre>
</body>
</html>
ze: Code=21444 RO-data=316 RW-data=84 ZI-data=1340  
FromELF: creating hex file...
".\stm32f103c8.axf" - 0 Error(s), 1 Warning(s).
--------------------------------------------------------
目录  C:\Users\11153\Desktop\ds18b20\Gizwits\*.h
------------------------------------------------------------
格式化  gizwits_product.h
格式化  gizwits_protocol.h
