<html>
<body>
<pre>
<h1>礦ision Build Log</h1>
<h2>Tool Versions:</h2>
IDE-Version: μVision V5.21.1.0
Copyright (C) 2016 ARM Ltd and ARM Germany GmbH. All rights reserved.
License Information: lin dreg, jjkj, LIC=ATTQ1-CG440-EVZ1R-K7AEW-8NH0V-L3A1N
 
Tool Versions:
Toolchain:       MDK-ARM Plus  Version: 5.21a
Toolchain Path:  C:\Keil_v5\ARM\ARMCC\Bin
C Compiler:      Armcc.exe V5.06 update 3 (build 300)
Assembler:       Armasm.exe V5.06 update 3 (build 300)
Linker/Locator:  ArmLink.exe V5.06 update 3 (build 300)
Library Manager: ArmAr.exe V5.06 update 3 (build 300)
Hex Converter:   FromElf.exe V5.06 update 3 (build 300)
CPU DLL:         SARMCM3.DLL V5.21a
Dialog DLL:      DCM.DLL V1.13.8.0
Target DLL:      Segger\JL2CM3.dll V2.99.23.0
Dialog DLL:      TCM.DLL V1.14.14.0
 
<h2>Project:</h2>
H:\keil\毕业项目\阿里云\阿里云上传\Template.uvprojx
Project File Date:  11/23/2021

<h2>Output:</h2>
*** Using Compiler 'V5.06 update 3 (build 300)', folder: 'C:\Keil_v5\ARM\ARMCC\Bin'
Build target 'Target 1'
compiling main.c...
.\APP\mux\mux.h(13): warning:  #1-D: last line of file ends without a newline
  #endif
.\APP\AHT20\AHT20.h(33): warning:  #1-D: last line of file ends without a newline
  #endif
User\main.c(208): warning:  #111-D: statement is unreachable
  	i++;
User\main.c(221): warning:  #177-D: variable "CT_data" was declared but never referenced
  	u32 CT_data[2]={0};
User\main.c(223): warning:  #177-D: variable "adcx" was declared but never referenced
  	u16 adcx;
User\main.c(225): warning:  #177-D: variable "T" was declared but never referenced
  	float T[8];    	//?露炔???
User\main.c: 6 warnings, 0 errors
linking...
Program Size: Code=28660 RO-data=712 RW-data=112 ZI-data=16848  
FromELF: creating hex file...
".\Obj\Template.axf" - 0 Error(s), 6 Warning(s).

<h2>Collection of Component include folders:</h2>
  H:\keil\毕业项目\阿里云\阿里云上传\RTE
  C:\Keil_v5\ARM\PACK\Keil\STM32F4xx_DFP\2.9.0\Drivers\CMSIS\Device\ST\STM32F4xx\Include

<h2>Collection of Component Files used:</h2>
Build Time Elapsed:  00:00:03
</pre>
</body>
</html>
