<html>
<body>
<pre>
<h1>礦ision Build Log</h1>
<h2>Project:</h2>
D:\MyAdd\淘宝网店\传感器模块\温度传感器\LMT70模块\LMT70模块资料\测试程序\STM32F103+ADS1256\STM32_ADS1256_2.8液晶显示\Project\ADC_ADS1256.uvproj
Project File Date:  09/12/2020

<h2>Output:</h2>
Rebuild target 'ADC_ADS1256'
compiling main.c...
compiling Delay.c...
compiling PeripheralInit.c...
compiling ads1256.c...
compiling stm32f10x_it.c...
compiling USART.c...
compiling lze_lcd.c...
compiling misc.c...
compiling stm32f10x_exti.c...
compiling stm32f10x_fsmc.c...
compiling stm32f10x_gpio.c...
compiling stm32f10x_pwr.c...
compiling stm32f10x_rcc.c...
compiling stm32f10x_spi.c...
compiling stm32f10x_usart.c...
compiling core_cm3.c...
compiling system_stm32f10x.c...
assembling startup_stm32f10x_hd.s...
linking...
Program Size: Code=17084 RO-data=16608 RW-data=120 ZI-data=1072  
FromELF: creating hex file...
"ADC_ADS1256.axf" - 0 Error(s), 0 Warning(s).
