<html>
<body>
<pre>
<h1>礦ision Build Log</h1>
<h2>Tool Versions:</h2>
IDE-Version: μVision V5.25.2.0
Copyright (C) 2018 ARM Ltd and ARM Germany GmbH. All rights reserved.
License Information: x xl, fzlzdz, LIC=9WSEV-PVTRD-JI95S-LI139-FH8EK-0A8B6
 
Tool Versions:
Toolchain:       MDK-ARM Plus  Version: 5.25.2.0
Toolchain Path:  C:\Keil_v5\ARM\ARMCC\Bin
C Compiler:      Armcc.exe V5.06 update 6 (build 750)
Assembler:       Armasm.exe V5.06 update 6 (build 750)
Linker/Locator:  ArmLink.exe V5.06 update 6 (build 750)
Library Manager: ArmAr.exe V5.06 update 6 (build 750)
Hex Converter:   FromElf.exe V5.06 update 6 (build 750)
CPU DLL:         SARMCM3.DLL V5.25.2.0
Dialog DLL:      DCM.DLL V1.17.1.0
Target DLL:      STLink\ST-LINKIII-KEIL_SWO.dll V3.0.1.0
Dialog DLL:      TCM.DLL V1.35.1.0
 
<h2>Project:</h2>
D:\MyAdd\淘宝网店\传感器模块\温度传感器\LMT70模块\LMT70模块资料\测试程序\STM32F103+ADS1256\STM32_ADS1256_2.8液晶显示\Project\ADC_ADS1256.uvprojx
Project File Date:  09/12/2020

<h2>Output:</h2>
*** Using Compiler 'V5.06 update 6 (build 750)', folder: 'C:\Keil_v5\ARM\ARMCC\Bin'
Rebuild target 'ADC_ADS1256'
compiling PeripheralInit.c...
compiling main.c...
compiling Delay.c...
compiling stm32f10x_exti.c...
compiling stm32f10x_gpio.c...
compiling stm32f10x_fsmc.c...
compiling stm32f10x_it.c...
compiling misc.c...
compiling USART.c...
compiling ads1256.c...
compiling lze_lcd.c...
assembling startup_stm32f10x_hd.s...
compiling stm32f10x_pwr.c...
compiling core_cm3.c...
compiling stm32f10x_usart.c...
compiling stm32f10x_spi.c...
compiling stm32f10x_rcc.c...
compiling system_stm32f10x.c...
linking...
Program Size: Code=17148 RO-data=16608 RW-data=120 ZI-data=1072  
FromELF: creating hex file...
".\ADC_ADS1256.axf" - 0 Error(s), 0 Warning(s).

<h2>Software Packages used:</h2>

Package Vendor: Keil
                http://www.keil.com/pack/Keil.STM32F1xx_DFP.2.2.0.pack
                Keil.STM32F1xx_DFP.2.2.0
                STMicroelectronics STM32F1 Series Device Support, Drivers and Examples

<h2>Collection of Component include folders:</h2>
  .\RTE\_ADC_ADS1256
  C:\Keil_v5\ARM\PACK\Keil\STM32F1xx_DFP\2.2.0\Device\Include

<h2>Collection of Component Files used:</h2>
Build Time Elapsed:  00:00:03
</pre>
</body>
</html>
