<html>
<body>
<pre>
<h1>礦ision Build Log</h1>
<h2>Tool Versions:</h2>
IDE-Version: μVision V5.21.1.0
Copyright (C) 2016 ARM Ltd and ARM Germany GmbH. All rights reserved.
License Information: lin dreg, jjkj, LIC=ATTQ1-CG440-EVZ1R-K7AEW-8NH0V-L3A1N
 
Tool Versions:
Toolchain:       MDK-ARM Plus  Version: 5.21a
Toolchain Path:  C:\Keil_v5\ARM\ARMCC\Bin
C Compiler:      Armcc.exe V5.06 update 3 (build 300)
Assembler:       Armasm.exe V5.06 update 3 (build 300)
Linker/Locator:  ArmLink.exe V5.06 update 3 (build 300)
Library Manager: ArmAr.exe V5.06 update 3 (build 300)
Hex Converter:   FromElf.exe V5.06 update 3 (build 300)
CPU DLL:         SARMCM3.DLL V5.21a
Dialog DLL:      DCM.DLL V1.13.8.0
Target DLL:      STLink\ST-LINKIII-KEIL_SWO.dll V2.0.18.0
Dialog DLL:      TCM.DLL V1.14.14.0
 
<h2>Project:</h2>
H:\keil\毕业项目\资料\代码电路资料\04_AHT20温湿度采集串口打印\04_AHT20温湿度采集串口打印\USER\Test.uvprojx
Project File Date:  07/02/2021

<h2>Output:</h2>
*** Using Compiler 'V5.06 update 3 (build 300)', folder: 'C:\Keil_v5\ARM\ARMCC\Bin'
Build target 'Target 1'
compiling stm32f10x_it.c...
compiling main.c...
main.c(15): warning:  #177-D: variable "adcvalue" was declared but never referenced
  	  float adcvalue;
main.c: 1 warning, 0 errors
compiling bsp_i2c.c...
compiling system_stm32f10x.c...
compiling ADC.c...
compiling misc.c...
compiling AHT20.c...
compiling stm32f10x_can.c...
compiling stm32f10x_bkp.c...
compiling stm32f10x_adc.c...
compiling stm32f10x_dac.c...
compiling stm32f10x_crc.c...
compiling stm32f10x_cec.c...
compiling stm32f10x_dma.c...
compiling stm32f10x_exti.c...
compiling stm32f10x_dbgmcu.c...
compiling stm32f10x_gpio.c...
compiling stm32f10x_fsmc.c...
compiling stm32f10x_flash.c...
compiling stm32f10x_i2c.c...
compiling stm32f10x_iwdg.c...
compiling stm32f10x_pwr.c...
compiling stm32f10x_rtc.c...
compiling stm32f10x_rcc.c...
compiling stm32f10x_sdio.c...
compiling stm32f10x_spi.c...
compiling stm32f10x_tim.c...
compiling stm32f10x_usart.c...
assembling startup_stm32f10x_hd.s...
compiling stm32f10x_wwdg.c...
compiling led.c...
compiling core_cm3.c...
compiling wdg.c...
compiling sys.c...
compiling delay.c...
compiling usart.c...
..\SYSTEM\usart\usart.c(194): warning:  #550-D: variable "Res" was set but never used
  char Res;
..\SYSTEM\usart\usart.c(210): warning:  #550-D: variable "Res" was set but never used
  				char Res;
..\SYSTEM\usart\usart.c: 2 warnings, 0 errors
linking...
Program Size: Code=12284 RO-data=336 RW-data=80 ZI-data=2392  
FromELF: creating hex file...
".\Test.axf" - 0 Error(s), 3 Warning(s).

<h2>Collection of Component include folders:</h2>
  H:\keil\毕业项目\资料\代码电路资料\04_AHT20温湿度采集串口打印\04_AHT20温湿度采集串口打印\USER\RTE
  C:\Keil_v5\ARM\PACK\Keil\STM32F1xx_DFP\2.3.0\Device\Include

<h2>Collection of Component Files used:</h2>
Build Time Elapsed:  00:00:15
</pre>
</body>
</html>
