Component: ARM Compiler 5.06 update 3 (build 300) Tool: armlink [4d35c9]

==============================================================================

Section Cross References

    main.o(i.Gizwits_Init) refers to time_1.o(i.TIM3_Init) for TIM3_Init
    main.o(i.Gizwits_Init) refers to usart3.o(i.uart3_init) for uart3_init
    main.o(i.Gizwits_Init) refers to memseta.o(.text) for __aeabi_memclr
    main.o(i.Gizwits_Init) refers to gizwits_protocol.o(i.gizwitsInit) for gizwitsInit
    main.o(i.Gizwits_Init) refers to gizwits_product.o(.bss) for currentDataPoint
    main.o(i.main) refers to stm32f4xx_hal.o(i.HAL_Init) for HAL_Init
    main.o(i.main) refers to system.o(i.SystemClock_Init) for SystemClock_Init
    main.o(i.main) refers to delay.o(i.delay_init) for delay_init
    main.o(i.main) refers to usart.o(i.USART1_Init) for USART1_Init
    main.o(i.main) refers to mux.o(i.MUX_Init) for MUX_Init
    main.o(i.main) refers to led.o(i.LED_Init) for LED_Init
    main.o(i.main) refers to adc.o(i.ADCx_Init) for ADCx_Init
    main.o(i.main) refers to time_1.o(i.TIM3_Init) for TIM3_Init
    main.o(i.main) refers to main.o(i.Gizwits_Init) for Gizwits_Init
    main.o(i.main) refers to printf8.o(i.__0printf$8) for __2printf
    main.o(i.main) refers to main.o(i.userHandle) for userHandle
    main.o(i.main) refers to gizwits_protocol.o(i.gizwitsHandle) for gizwitsHandle
    main.o(i.main) refers to key.o(i.KEY_Scan) for KEY_Scan
    main.o(i.main) refers to gizwits_protocol.o(i.gizwitsSetMode) for gizwitsSetMode
    main.o(i.main) refers to delay.o(i.delay_ms) for delay_ms
    main.o(i.main) refers to gizwits_product.o(.bss) for currentDataPoint
    main.o(i.userHandle) refers to mux.o(i.selectMuxPin) for selectMuxPin
    main.o(i.userHandle) refers to adc.o(i.Get_Adc) for Get_Adc
    main.o(i.userHandle) refers to main.o(.data) for wifi_sta
    main.o(i.userHandle) refers to gizwits_product.o(.bss) for currentDataPoint
    stm32f4xx_it.o(i.SysTick_Handler) refers to stm32f4xx_hal.o(i.HAL_IncTick) for HAL_IncTick
    system_stm32f4xx.o(i.SystemCoreClockUpdate) refers to system_stm32f4xx.o(.data) for SystemCoreClock
    startup_stm32f429xx.o(RESET) refers to startup_stm32f429xx.o(STACK) for __initial_sp
    startup_stm32f429xx.o(RESET) refers to startup_stm32f429xx.o(.text) for Reset_Handler
    startup_stm32f429xx.o(RESET) refers to stm32f4xx_it.o(i.NMI_Handler) for NMI_Handler
    startup_stm32f429xx.o(RESET) refers to stm32f4xx_it.o(i.HardFault_Handler) for HardFault_Handler
    startup_stm32f429xx.o(RESET) refers to stm32f4xx_it.o(i.MemManage_Handler) for MemManage_Handler
    startup_stm32f429xx.o(RESET) refers to stm32f4xx_it.o(i.BusFault_Handler) for BusFault_Handler
    startup_stm32f429xx.o(RESET) refers to stm32f4xx_it.o(i.UsageFault_Handler) for UsageFault_Handler
    startup_stm32f429xx.o(RESET) refers to stm32f4xx_it.o(i.SVC_Handler) for SVC_Handler
    startup_stm32f429xx.o(RESET) refers to stm32f4xx_it.o(i.DebugMon_Handler) for DebugMon_Handler
    startup_stm32f429xx.o(RESET) refers to stm32f4xx_it.o(i.PendSV_Handler) for PendSV_Handler
    startup_stm32f429xx.o(RESET) refers to stm32f4xx_it.o(i.SysTick_Handler) for SysTick_Handler
    startup_stm32f429xx.o(RESET) refers to time_1.o(i.TIM2_IRQHandler) for TIM2_IRQHandler
    startup_stm32f429xx.o(RESET) refers to time_1.o(i.TIM3_IRQHandler) for TIM3_IRQHandler
    startup_stm32f429xx.o(RESET) refers to time_1.o(i.TIM4_IRQHandler) for TIM4_IRQHandler
    startup_stm32f429xx.o(RESET) refers to usart.o(i.USART1_IRQHandler) for USART1_IRQHandler
    startup_stm32f429xx.o(RESET) refers to usart3.o(i.USART3_IRQHandler) for USART3_IRQHandler
    startup_stm32f429xx.o(.text) refers to system_stm32f4xx.o(i.SystemInit) for SystemInit
    startup_stm32f429xx.o(.text) refers to entry.o(.ARM.Collect$$$$00000000) for __main
    stm32f4xx_hal_gpio.o(i.HAL_GPIO_EXTI_IRQHandler) refers to stm32f4xx_hal_gpio.o(i.HAL_GPIO_EXTI_Callback) for HAL_GPIO_EXTI_Callback
    stm32f4xx_hal_rcc.o(i.HAL_RCC_ClockConfig) refers to stm32f4xx_hal.o(i.HAL_GetTick) for HAL_GetTick
    stm32f4xx_hal_rcc.o(i.HAL_RCC_ClockConfig) refers to stm32f4xx_hal.o(i.HAL_InitTick) for HAL_InitTick
    stm32f4xx_hal_rcc.o(i.HAL_RCC_GetHCLKFreq) refers to stm32f4xx_hal_rcc.o(i.HAL_RCC_GetSysClockFreq) for HAL_RCC_GetSysClockFreq
    stm32f4xx_hal_rcc.o(i.HAL_RCC_GetHCLKFreq) refers to stm32f4xx_hal_rcc.o(.constdata) for APBAHBPrescTable
    stm32f4xx_hal_rcc.o(i.HAL_RCC_GetHCLKFreq) refers to system_stm32f4xx.o(.data) for SystemCoreClock
    stm32f4xx_hal_rcc.o(i.HAL_RCC_GetPCLK1Freq) refers to stm32f4xx_hal_rcc.o(i.HAL_RCC_GetHCLKFreq) for HAL_RCC_GetHCLKFreq
    stm32f4xx_hal_rcc.o(i.HAL_RCC_GetPCLK1Freq) refers to stm32f4xx_hal_rcc.o(.constdata) for APBAHBPrescTable
    stm32f4xx_hal_rcc.o(i.HAL_RCC_GetPCLK2Freq) refers to stm32f4xx_hal_rcc.o(i.HAL_RCC_GetHCLKFreq) for HAL_RCC_GetHCLKFreq
[...]
    Removing stm32f4xx_hal_adc_ex.o(.rrx_text), (6 bytes).
    Removing stm32f4xx_hal_adc_ex.o(i.ADC_MultiModeDMAConvCplt), (110 bytes).
    Removing stm32f4xx_hal_adc_ex.o(i.ADC_MultiModeDMAError), (26 bytes).
    Removing stm32f4xx_hal_adc_ex.o(i.ADC_MultiModeDMAHalfConvCplt), (14 bytes).
    Removing stm32f4xx_hal_adc_ex.o(i.HAL_ADCEx_InjectedConfigChannel), (568 bytes).
    Removing stm32f4xx_hal_adc_ex.o(i.HAL_ADCEx_InjectedConvCpltCallback), (2 bytes).
    Removing stm32f4xx_hal_adc_ex.o(i.HAL_ADCEx_InjectedGetValue), (70 bytes).
    Removing stm32f4xx_hal_adc_ex.o(i.HAL_ADCEx_InjectedPollForConversion), (160 bytes).
    Removing stm32f4xx_hal_adc_ex.o(i.HAL_ADCEx_InjectedStart), (268 bytes).
    Removing stm32f4xx_hal_adc_ex.o(i.HAL_ADCEx_InjectedStart_IT), (280 bytes).
    Removing stm32f4xx_hal_adc_ex.o(i.HAL_ADCEx_InjectedStop), (104 bytes).
    Removing stm32f4xx_hal_adc_ex.o(i.HAL_ADCEx_InjectedStop_IT), (116 bytes).
    Removing stm32f4xx_hal_adc_ex.o(i.HAL_ADCEx_MultiModeConfigChannel), (136 bytes).
    Removing stm32f4xx_hal_adc_ex.o(i.HAL_ADCEx_MultiModeGetValue), (12 bytes).
    Removing stm32f4xx_hal_adc_ex.o(i.HAL_ADCEx_MultiModeStart_DMA), (308 bytes).
    Removing stm32f4xx_hal_adc_ex.o(i.HAL_ADCEx_MultiModeStop_DMA), (112 bytes).
    Removing time_1.o(.rev16_text), (4 bytes).
    Removing time_1.o(.revsh_text), (4 bytes).
    Removing time_1.o(.rrx_text), (6 bytes).
    Removing time_1.o(i.TIM2_Init), (48 bytes).
    Removing time_1.o(i.TIM4_Init), (52 bytes).
    Removing led.o(.rev16_text), (4 bytes).
    Removing led.o(.revsh_text), (4 bytes).
    Removing led.o(.rrx_text), (6 bytes).
    Removing adc.o(.rev16_text), (4 bytes).
    Removing adc.o(.revsh_text), (4 bytes).
    Removing adc.o(.rrx_text), (6 bytes).
    Removing adc.o(i.Get_ADC_Value), (46 bytes).
    Removing mux.o(.rev16_text), (4 bytes).
    Removing mux.o(.revsh_text), (4 bytes).
    Removing mux.o(.rrx_text), (6 bytes).
    Removing usart3.o(.rev16_text), (4 bytes).
    Removing usart3.o(.revsh_text), (4 bytes).
    Removing usart3.o(.rrx_text), (6 bytes).
    Removing key.o(.rev16_text), (4 bytes).
    Removing key.o(.revsh_text), (4 bytes).
    Removing key.o(.rrx_text), (6 bytes).
    Removing key.o(i.KEY_Init), (180 bytes).
    Removing usart.o(.rev16_text), (4 bytes).
    Removing usart.o(.revsh_text), (4 bytes).
    Removing usart.o(.rrx_text), (6 bytes).
    Removing system.o(.rev16_text), (4 bytes).
    Removing system.o(.revsh_text), (4 bytes).
    Removing system.o(.rrx_text), (6 bytes).
    Removing delay.o(.rev16_text), (4 bytes).
    Removing delay.o(.revsh_text), (4 bytes).
    Removing delay.o(.rrx_text), (6 bytes).
    Removing gizwits_product.o(.rev16_text), (4 bytes).
    Removing gizwits_product.o(.revsh_text), (4 bytes).
    Removing gizwits_product.o(.rrx_text), (6 bytes).
    Removing gizwits_product.o(i.TIMER_IRQ_FUN), (8 bytes).
    Removing gizwits_product.o(i.UART_IRQ_FUN), (16 bytes).
    Removing gizwits_product.o(i.userInit), (20 bytes).
    Removing gizwits_protocol.o(i.calculateDynamicBitPartLen), (28 bytes).
    Removing gizwits_protocol.o(i.gizDataPoint2Event), (6 bytes).
    Removing gizwits_protocol.o(i.gizwitsGetModuleInfo), (136 bytes).
    Removing gizwits_protocol.o(i.gizwitsGetNTP), (132 bytes).
    Removing gizwits_protocol.o(i.gizwitsPassthroughData), (240 bytes).
    Removing common.o(i.char2hex), (106 bytes).
    Removing common.o(i.checkStringIsNotZero), (46 bytes).
    Removing common.o(i.get_yeardays), (24 bytes).
    Removing common.o(i.hex2Str), (82 bytes).
    Removing common.o(i.isleap), (52 bytes).
    Removing common.o(i.returnNtp2Wt), (284 bytes).
    Removing common.o(i.returnWeekDay), (156 bytes).
    Removing common.o(i.str2Hex), (80 bytes).
    Removing common.o(.constdata), (48 bytes).
    Removing datapointtools.o(i.gizAcrossByteJudge), (42 bytes).
    Removing datapointtools.o(i.gizStandardCompressValue), (128 bytes).
    Removing datapointtools.o(i.gizStandardDecompressionValue), (194 bytes).
    Removing datapointtools.o(i.gizVarlenCompressValue), (124 bytes).
    Removing datapointtools.o(i.gizVarlenDecompressionValue), (196 bytes).
    Removing datapointtools.o(i.gizX2Y), (12 bytes).
    Removing datapointtools.o(i.gizX2YFloat), (40 bytes).
    Removing datapointtools.o(i.gizY2X), (14 bytes).
    Removing ringbuffer.o(i.rbDelete), (24 bytes).
    Removing dadd.o(.text), (334 bytes).
    Removing dmul.o(.text), (228 bytes).
    Removing ddiv.o(.text), (222 bytes).
    Removing dfixul.o(.text), (48 bytes).
    Removing cdrcmple.o(.text), (48 bytes).
    Removing depilogue.o(.text), (186 bytes).

476 unused section(s) (total 35056 bytes) removed from the image.

==============================================================================

Image Symbol Table

    Local Symbols

    Symbol Name                              Value     Ov Type        Size  Object(Section)

    ../clib/microlib/ctype/toupper.c         0x00000000   Number         0  toupper.o ABSOLUTE
    ../clib/microlib/division.c              0x00000000   Number         0  uldiv.o ABSOLUTE
    ../clib/microlib/division.c              0x00000000   Number         0  uidiv.o ABSOLUTE
    ../clib/microlib/init/entry.s            0x00000000   Number         0  entry11b.o ABSOLUTE
    ../clib/microlib/init/entry.s            0x00000000   Number         0  entry7a.o ABSOLUTE
    ../clib/microlib/init/entry.s            0x00000000   Number         0  entry11a.o ABSOLUTE
    ../clib/microlib/init/entry.s            0x00000000   Number         0  entry7b.o ABSOLUTE
    ../clib/microlib/init/entry.s            0x00000000   Number         0  entry9a.o ABSOLUTE
    ../clib/microlib/init/entry.s            0x00000000   Number         0  entry.o ABSOLUTE
    ../clib/microlib/init/entry.s            0x00000000   Number         0  entry5.o ABSOLUTE
    ../clib/microlib/init/entry.s            0x00000000   Number         0  entry8b.o ABSOLUTE
    ../clib/microlib/init/entry.s            0x00000000   Number         0  entry8a.o ABSOLUTE
    ../clib/microlib/init/entry.s            0x00000000   Number         0  entry2.o ABSOLUTE
    ../clib/microlib/init/entry.s            0x00000000   Number         0  entry10b.o ABSOLUTE
    ../clib/microlib/init/entry.s            0x00000000   Number         0  entry10a.o ABSOLUTE
    ../clib/microlib/init/entry.s            0x00000000   Number         0  entry9b.o ABSOLUTE
    ../clib/microlib/longlong.c              0x00000000   Number         0  llshl.o ABSOLUTE
    ../clib/microlib/longlong.c              0x00000000   Number         0  llushr.o ABSOLUTE
    ../clib/microlib/longlong.c              0x00000000   Number         0  llsshr.o ABSOLUTE
    ../clib/microlib/malloc/malloc.c         0x00000000   Number         0  mallocra.o ABSOLUTE
    ../clib/microlib/malloc/malloc.c         0x00000000   Number         0  malloc.o ABSOLUTE
    ../clib/microlib/malloc/malloc.c         0x00000000   Number         0  mallocr.o ABSOLUTE
    ../clib/microlib/malloc/malloc.c         0x00000000   Number         0  malloca.o ABSOLUTE
    ../clib/microlib/malloc/mvars.c          0x00000000   Number         0  mvars.o ABSOLUTE
    ../clib/microlib/printf/printf.c         0x00000000   Number         0  printf3.o ABSOLUTE
    ../clib/microlib/printf/printf.c         0x00000000   Number         0  printf4.o ABSOLUTE
    ../clib/microlib/printf/printf.c         0x00000000   Number         0  printf5.o ABSOLUTE
    ../clib/microlib/printf/printf.c         0x00000000   Number         0  printf6.o ABSOLUTE
    ../clib/microlib/printf/printf.c         0x00000000   Number         0  printf7.o ABSOLUTE
    ../clib/microlib/printf/printf.c         0x00000000   Number         0  printf8.o ABSOLUTE
    ../clib/microlib/printf/printf.c         0x00000000   Number         0  printfa.o ABSOLUTE
    ../clib/microlib/printf/printf.c         0x00000000   Number         0  printfb.o ABSOLUTE
    ../clib/microlib/printf/printf.c         0x00000000   Number         0  printf0.o ABSOLUTE
    ../clib/microlib/printf/printf.c         0x00000000   Number         0  printf1.o ABSOLUTE
    ../clib/microlib/printf/printf.c         0x00000000   Number         0  printf2.o ABSOLUTE
    ../clib/microlib/printf/stubs.s          0x00000000   Number         0  stubs.o ABSOLUTE
    ../clib/microlib/stdio/streams.c         0x00000000   Number         0  stdout.o ABSOLUTE
    ../clib/microlib/string/memcpy.c         0x00000000   Number         0  memcpya.o ABSOLUTE
    ../clib/microlib/string/memcpy.c         0x00000000   Number         0  memcpyb.o ABSOLUTE
    ../clib/microlib/string/memset.c         0x00000000   Number         0  memseta.o ABSOLUTE
    ../clib/microlib/string/strlen.c         0x00000000   Number         0  strlen.o ABSOLUTE
    ../clib/microlib/stubs.s                 0x00000000   Number         0  iusefp.o ABSOLUTE
    ../fplib/microlib/fpadd.c                0x00000000   Number         0  dadd.o ABSOLUTE
    ../fplib/microlib/fpdiv.c                0x00000000   Number         0  ddiv.o ABSOLUTE
    ../fplib/microlib/fpepilogue.c           0x00000000   Number         0  depilogue.o ABSOLUTE
    ../fplib/microlib/fpfix.c                0x00000000   Number         0  dfixul.o ABSOLUTE
    ../fplib/microlib/fpmul.c                0x00000000   Number         0  dmul.o ABSOLUTE
    APP\USART3\usart3.c                      0x00000000   Number         0  usart3.o ABSOLUTE
    APP\\USART3\\usart3.c                    0x00000000   Number         0  usart3.o ABSOLUTE
    APP\\adc\\adc.c                          0x00000000   Number         0  adc.o ABSOLUTE
    APP\\key\\key.c                          0x00000000   Number         0  key.o ABSOLUTE
    APP\\led\\led.c                          0x00000000   Number         0  led.o ABSOLUTE
    APP\\mux\\mux.c                          0x00000000   Number         0  mux.o ABSOLUTE
    APP\\time\\time.c                        0x00000000   Number         0  time_1.o ABSOLUTE
    APP\adc\adc.c                            0x00000000   Number         0  adc.o ABSOLUTE
    APP\key\key.c                            0x00000000   Number         0  key.o ABSOLUTE
    APP\led\led.c                            0x00000000   Number         0  led.o ABSOLUTE
    APP\mux\mux.c                            0x00000000   Number         0  mux.o ABSOLUTE
    APP\time\time.c                          0x00000000   Number         0  time_1.o ABSOLUTE
    Gizwits\\gizwits_product.c               0x00000000   Number         0  gizwits_product.o ABSOLUTE
    Gizwits\gizwits_product.c                0x00000000   Number         0  gizwits_product.o ABSOLUTE
    Gizwits\gizwits_protocol.c               0x00000000   Number         0  gizwits_protocol.o ABSOLUTE
    Libraries\CMSIS\startup_stm32f429xx.s    0x00000000   Number         0  startup_stm32f429xx.o ABSOLUTE
    Libraries\STM32F4xx_HAL_Driver\Src\stm32f4xx_hal.c 0x00000000   Number         0  stm32f4xx_hal.o ABSOLUTE
    Libraries\STM32F4xx_HAL_Driver\Src\stm32f4xx_hal_adc.c 0x00000000   Number         0  stm32f4xx_hal_adc.o ABSOLUTE
    Libraries\STM32F4xx_HAL_Driver\Src\stm32f4xx_hal_adc_ex.c 0x00000000   Number         0  stm32f4xx_hal_adc_ex.o ABSOLUTE
    Libraries\STM32F4xx_HAL_Driver\Src\stm32f4xx_hal_cortex.c 0x00000000   Number         0  stm32f4xx_hal_cortex.o ABSOLUTE
    Libraries\STM32F4xx_HAL_Driver\Src\stm32f4xx_hal_dma.c 0x00000000   Number         0  stm32f4xx_hal_dma.o ABSOLUTE
    Libraries\STM32F4xx_HAL_Driver\Src\stm32f4xx_hal_dma_ex.c 0x00000000   Number         0  stm32f4xx_hal_dma_ex.o ABSOLUTE
    Libraries\STM32F4xx_HAL_Driver\Src\stm32f4xx_hal_gpio.c 0x00000000   Number         0  stm32f4xx_hal_gpio.o ABSOLUTE
    Libraries\STM32F4xx_HAL_Driver\Src\stm32f4xx_hal_iwdg.c 0x00000000   Number         0  stm32f4xx_hal_iwdg.o ABSOLUTE
    Libraries\STM32F4xx_HAL_Driver\Src\stm32f4xx_hal_pwr.c 0x00000000   Number         0  stm32f4xx_hal_pwr.o ABSOLUTE
    Libraries\STM32F4xx_HAL_Driver\Src\stm32f4xx_hal_pwr_ex.c 0x00000000   Number         0  stm32f4xx_hal_pwr_ex.o ABSOLUTE
    Libraries\STM32F4xx_HAL_Driver\Src\stm32f4xx_hal_rcc.c 0x00000000   Number         0  stm32f4xx_hal_rcc.o ABSOLUTE
    Libraries\STM32F4xx_HAL_Driver\Src\stm32f4xx_hal_rcc_ex.c 0x00000000   Number         0  stm32f4xx_hal_rcc_ex.o ABSOLUTE
    Libraries\STM32F4xx_HAL_Driver\Src\stm32f4xx_hal_rng.c 0x00000000   Number         0  stm32f4xx_hal_rng.o ABSOLUTE
    Libraries\STM32F4xx_HAL_Driver\Src\stm32f4xx_hal_tim.c 0x00000000   Number         0  stm32f4xx_hal_tim.o ABSOLUTE
    Libraries\STM32F4xx_HAL_Driver\Src\stm32f4xx_hal_tim_ex.c 0x00000000   Number         0  stm32f4xx_hal_tim_ex.o ABSOLUTE
    Libraries\STM32F4xx_HAL_Driver\Src\stm32f4xx_hal_uart.c 0x00000000   Number         0  stm32f4xx_hal_uart.o ABSOLUTE
    Libraries\STM32F4xx_HAL_Driver\Src\stm32f4xx_hal_usart.c 0x00000000   Number         0  stm32f4xx_hal_usart.o ABSOLUTE
    Libraries\STM32F4xx_HAL_Driver\Src\stm32f4xx_hal_wwdg.c 0x00000000   Number         0  stm32f4xx_hal_wwdg.o ABSOLUTE
    Libraries\\STM32F4xx_HAL_Driver\\Src\\stm32f4xx_hal.c 0x00000000   Number         0  stm32f4xx_hal.o ABSOLUTE
    Libraries\\STM32F4xx_HAL_Driver\\Src\\stm32f4xx_hal_adc.c 0x00000000   Number         0  stm32f4xx_hal_adc.o ABSOLUTE
    Libraries\\STM32F4xx_HAL_Driver\\Src\\stm32f4xx_hal_adc_ex.c 0x00000000   Number         0  stm32f4xx_hal_adc_ex.o ABSOLUTE
    Libraries\\STM32F4xx_HAL_Driver\\Src\\stm32f4xx_hal_cortex.c 0x00000000   Number         0  stm32f4xx_hal_cortex.o ABSOLUTE
    Libraries\\STM32F4xx_HAL_Driver\\Src\\stm32f4xx_hal_dma.c 0x00000000   Number         0  stm32f4xx_hal_dma.o ABSOLUTE
    Libraries\\STM32F4xx_HAL_Driver\\Src\\stm32f4xx_hal_dma_ex.c 0x00000000   Number         0  stm32f4xx_hal_dma_ex.o ABSOLUTE
    Libraries\\STM32F4xx_HAL_Driver\\Src\\stm32f4xx_hal_gpio.c 0x00000000   Number         0  stm32f4xx_hal_gpio.o ABSOLUTE
    Libraries\\STM32F4xx_HAL_Driver\\Src\\stm32f4xx_hal_iwdg.c 0x00000000   Number         0  stm32f4xx_hal_iwdg.o ABSOLUTE
    Libraries\\STM32F4xx_HAL_Driver\\Src\\stm32f4xx_hal_pwr.c 0x00000000   Number         0  stm32f4xx_hal_pwr.o ABSOLUTE
    Libraries\\STM32F4xx_HAL_Driver\\Src\\stm32f4xx_hal_pwr_ex.c 0x00000000   Number         0  stm32f4xx_hal_pwr_ex.o ABSOLUTE
    Libraries\\STM32F4xx_HAL_Driver\\Src\\stm32f4xx_hal_rcc.c 0x00000000   Number         0  stm32f4xx_hal_rcc.o ABSOLUTE
    Libraries\\STM32F4xx_HAL_Driver\\Src\\stm32f4xx_hal_rcc_ex.c 0x00000000   Number         0  stm32f4xx_hal_rcc_ex.o ABSOLUTE
    Libraries\\STM32F4xx_HAL_Driver\\Src\\stm32f4xx_hal_rng.c 0x00000000   Number         0  stm32f4xx_hal_rng.o ABSOLUTE
    Libraries\\STM32F4xx_HAL_Driver\\Src\\stm32f4xx_hal_tim.c 0x00000000   Number         0  stm32f4xx_hal_tim.o ABSOLUTE
    Libraries\\STM32F4xx_HAL_Driver\\Src\\stm32f4xx_hal_tim_ex.c 0x00000000   Number         0  stm32f4xx_hal_tim_ex.o ABSOLUTE
    Libraries\\STM32F4xx_HAL_Driver\\Src\\stm32f4xx_hal_uart.c 0x00000000   Number         0  stm32f4xx_hal_uart.o ABSOLUTE
    Libraries\\STM32F4xx_HAL_Driver\\Src\\stm32f4xx_hal_usart.c 0x00000000   Number         0  stm32f4xx_hal_usart.o ABSOLUTE
    Libraries\\STM32F4xx_HAL_Driver\\Src\\stm32f4xx_hal_wwdg.c 0x00000000   Number         0  stm32f4xx_hal_wwdg.o ABSOLUTE
    Public\\delay.c                          0x00000000   Number         0  delay.o ABSOLUTE
    Public\\system.c                         0x00000000   Number         0  system.o ABSOLUTE
    Public\\usart.c                          0x00000000   Number         0  usart.o ABSOLUTE
    Public\delay.c                           0x00000000   Number         0  delay.o ABSOLUTE
    Public\system.c                          0x00000000   Number         0  system.o ABSOLUTE
    Public\usart.c                           0x00000000   Number         0  usart.o ABSOLUTE
    User\\main.c                             0x00000000   Number         0  main.o ABSOLUTE
    User\\stm32f4xx_it.c                     0x00000000   Number         0  stm32f4xx_it.o ABSOLUTE
    User\\system_stm32f4xx.c                 0x00000000   Number         0  system_stm32f4xx.o ABSOLUTE
    User\main.c                              0x00000000   Number         0  main.o ABSOLUTE
    User\stm32f4xx_it.c                      0x00000000   Number         0  stm32f4xx_it.o ABSOLUTE
    User\system_stm32f4xx.c                  0x00000000   Number         0  system_stm32f4xx.o ABSOLUTE
    Utils\common.c                           0x00000000   Number         0  common.o ABSOLUTE
    Utils\dataPointTools.c                   0x00000000   Number         0  datapointtools.o ABSOLUTE
    Utils\ringbuffer.c                       0x00000000   Number         0  ringbuffer.o ABSOLUTE
    cdrcmple.s                               0x00000000   Number         0  cdrcmple.o ABSOLUTE
    dc.s                                     0x00000000   Number         0  dc.o ABSOLUTE
    handlers.s                               0x00000000   Number         0  handlers.o ABSOLUTE
    init.s                                   0x00000000   Number         0  init.o ABSOLUTE
    RESET                                    0x08000000   Section      428  startup_stm32f429xx.o(RESET)
    .ARM.Collect$$$$00000000                 0x080001ac   Section        0  entry.o(.ARM.Collect$$$$00000000)
    .ARM.Collect$$$$00000001                 0x080001ac   Section        4  entry2.o(.ARM.Collect$$$$00000001)
    .ARM.Collect$$$$00000004                 0x080001b0   Section        4  entry5.o(.ARM.Collect$$$$00000004)
    .ARM.Collect$$$$00000008                 0x080001b4   Section        0  entry7b.o(.ARM.Collect$$$$00000008)
    .ARM.Collect$$$$0000000A                 0x080001b4   Section        0  entry8b.o(.ARM.Collect$$$$0000000A)
    .ARM.Collect$$$$0000000B                 0x080001b4   Section        8  entry9a.o(.ARM.Collect$$$$0000000B)
    .ARM.Collect$$$$0000000D                 0x080001bc   Section        0  entry10a.o(.ARM.Collect$$$$0000000D)
    .ARM.Collect$$$$0000000F                 0x080001bc   Section        0  entry11a.o(.ARM.Collect$$$$0000000F)
    .ARM.Collect$$$$00002712                 0x080001bc   Section        4  entry2.o(.ARM.Collect$$$$00002712)
    __lit__00000000                          0x080001bc   Data           4  entry2.o(.ARM.Collect$$$$00002712)
    .text                                    0x080001c0   Section       36  startup_stm32f429xx.o(.text)
    $v0                                      0x080001c0   Number         0  startup_stm32f429xx.o(.text)
    .text                                    0x080001e4   Section        0  memcpya.o(.text)
    .text                                    0x08000208   Section        0  memseta.o(.text)
    .text                                    0x0800022c   Section        0  uldiv.o(.text)
    .text                                    0x08000290   Section       36  init.o(.text)
    .text                                    0x080002b4   Section        0  llshl.o(.text)
    .text                                    0x080002d2   Section        0  llushr.o(.text)
    i.ADC_Init                               0x080002f4   Section        0  stm32f4xx_hal_adc.o(i.ADC_Init)
    ADC_Init                                 0x080002f5   Thumb Code   362  stm32f4xx_hal_adc.o(i.ADC_Init)
    i.ADCx_Init                              0x0800046c   Section        0  adc.o(i.ADCx_Init)
    i.BusFault_Handler                       0x080004b0   Section        0  stm32f4xx_it.o(i.BusFault_Handler)
    i.DebugMon_Handler                       0x080004b4   Section        0  stm32f4xx_it.o(i.DebugMon_Handler)
    i.Get_Adc                                0x080004b8   Section        0  adc.o(i.Get_Adc)
    i.Gizwits_Init                           0x08000678   Section        0  main.o(i.Gizwits_Init)
    i.HAL_ADC_ConfigChannel                  0x080006a0   Section        0  stm32f4xx_hal_adc.o(i.HAL_ADC_ConfigChannel)
    i.HAL_ADC_GetValue                       0x0800083c   Section        0  stm32f4xx_hal_adc.o(i.HAL_ADC_GetValue)
    i.HAL_ADC_Init                           0x08000844   Section        0  stm32f4xx_hal_adc.o(i.HAL_ADC_Init)
    i.HAL_ADC_MspInit                        0x080008ac   Section        0  adc.o(i.HAL_ADC_MspInit)
    i.HAL_ADC_PollForConversion              0x08000980   Section        0  stm32f4xx_hal_adc.o(i.HAL_ADC_PollForConversion)
    i.HAL_ADC_Start                          0x08000a3c   Section        0  stm32f4xx_hal_adc.o(i.HAL_ADC_Start)
    i.HAL_GPIO_Init                          0x08000b38   Section        0  stm32f4xx_hal_gpio.o(i.HAL_GPIO_Init)
    i.HAL_GPIO_ReadPin                       0x08000d54   Section        0  stm32f4xx_hal_gpio.o(i.HAL_GPIO_ReadPin)
    i.HAL_GPIO_WritePin                      0x08000d64   Section        0  stm32f4xx_hal_gpio.o(i.HAL_GPIO_WritePin)
    i.HAL_GetTick                            0x08000d70   Section        0  stm32f4xx_hal.o(i.HAL_GetTick)
    i.HAL_IncTick                            0x08000d7c   Section        0  stm32f4xx_hal.o(i.HAL_IncTick)
    i.HAL_Init                               0x08000d8c   Section        0  stm32f4xx_hal.o(i.HAL_Init)
    i.HAL_InitTick                           0x08000dc8   Section        0  stm32f4xx_hal.o(i.HAL_InitTick)
    i.HAL_MspInit                            0x08000dec   Section        0  stm32f4xx_hal.o(i.HAL_MspInit)
    i.HAL_NVIC_EnableIRQ                     0x08000dee   Section        0  stm32f4xx_hal_cortex.o(i.HAL_NVIC_EnableIRQ)
    i.HAL_NVIC_SetPriority                   0x08000e08   Section        0  stm32f4xx_hal_cortex.o(i.HAL_NVIC_SetPriority)
    i.HAL_NVIC_SetPriorityGrouping           0x08000e84   Section        0  stm32f4xx_hal_cortex.o(i.HAL_NVIC_SetPriorityGrouping)
    i.HAL_PWREx_EnableOverDrive              0x08000eac   Section        0  stm32f4xx_hal_pwr_ex.o(i.HAL_PWREx_EnableOverDrive)
    i.HAL_RCC_ClockConfig                    0x08000f50   Section        0  stm32f4xx_hal_rcc.o(i.HAL_RCC_ClockConfig)
    i.HAL_RCC_GetHCLKFreq                    0x080010f4   Section        0  stm32f4xx_hal_rcc.o(i.HAL_RCC_GetHCLKFreq)
    i.HAL_RCC_GetPCLK1Freq                   0x0800112c   Section        0  stm32f4xx_hal_rcc.o(i.HAL_RCC_GetPCLK1Freq)
    i.HAL_RCC_GetPCLK2Freq                   0x08001158   Section        0  stm32f4xx_hal_rcc.o(i.HAL_RCC_GetPCLK2Freq)
    i.HAL_RCC_GetSysClockFreq                0x08001184   Section        0  stm32f4xx_hal_rcc.o(i.HAL_RCC_GetSysClockFreq)
    i.HAL_RCC_OscConfig                      0x08001238   Section        0  stm32f4xx_hal_rcc.o(i.HAL_RCC_OscConfig)
    i.HAL_SYSTICK_CLKSourceConfig            0x080015d4   Section        0  stm32f4xx_hal_cortex.o(i.HAL_SYSTICK_CLKSourceConfig)
    i.HAL_SYSTICK_Config                     0x080015fc   Section        0  stm32f4xx_hal_cortex.o(i.HAL_SYSTICK_Config)
    i.HAL_TIMEx_BreakCallback                0x08001630   Section        0  stm32f4xx_hal_tim_ex.o(i.HAL_TIMEx_BreakCallback)
    i.HAL_TIMEx_CommutationCallback          0x08001632   Section        0  stm32f4xx_hal_tim_ex.o(i.HAL_TIMEx_CommutationCallback)
    i.HAL_TIM_Base_Init                      0x08001634   Section        0  stm32f4xx_hal_tim.o(i.HAL_TIM_Base_Init)
    i.HAL_TIM_Base_MspInit                   0x08001668   Section        0  time_1.o(i.HAL_TIM_Base_MspInit)
    i.HAL_TIM_Base_Start_IT                  0x08001724   Section        0  stm32f4xx_hal_tim.o(i.HAL_TIM_Base_Start_IT)
    i.HAL_TIM_IC_CaptureCallback             0x08001742   Section        0  stm32f4xx_hal_tim.o(i.HAL_TIM_IC_CaptureCallback)
    i.HAL_TIM_IRQHandler                     0x08001744   Section        0  stm32f4xx_hal_tim.o(i.HAL_TIM_IRQHandler)
    i.HAL_TIM_OC_DelayElapsedCallback        0x080018da   Section        0  stm32f4xx_hal_tim.o(i.HAL_TIM_OC_DelayElapsedCallback)
    i.HAL_TIM_PWM_PulseFinishedCallback      0x080018dc   Section        0  stm32f4xx_hal_tim.o(i.HAL_TIM_PWM_PulseFinishedCallback)
    i.HAL_TIM_PeriodElapsedCallback          0x080018de   Section        0  time_1.o(i.HAL_TIM_PeriodElapsedCallback)
    i.HAL_TIM_TriggerCallback                0x080018e0   Section        0  stm32f4xx_hal_tim.o(i.HAL_TIM_TriggerCallback)
    i.HAL_UART_ErrorCallback                 0x080018e2   Section        0  stm32f4xx_hal_uart.o(i.HAL_UART_ErrorCallback)
    i.HAL_UART_GetState                      0x080018e4   Section        0  stm32f4xx_hal_uart.o(i.HAL_UART_GetState)
    i.HAL_UART_IRQHandler                    0x080018f8   Section        0  stm32f4xx_hal_uart.o(i.HAL_UART_IRQHandler)
    i.HAL_UART_Init                          0x08001a2c   Section        0  stm32f4xx_hal_uart.o(i.HAL_UART_Init)
    i.HAL_UART_MspInit                       0x08001aa0   Section        0  usart.o(i.HAL_UART_MspInit)
    i.HAL_UART_Receive_IT                    0x08001b30   Section        0  stm32f4xx_hal_uart.o(i.HAL_UART_Receive_IT)
    i.HAL_UART_RxCpltCallback                0x08001ba0   Section        0  usart.o(i.HAL_UART_RxCpltCallback)
    i.HAL_UART_Transmit                      0x08001be4   Section        0  stm32f4xx_hal_uart.o(i.HAL_UART_Transmit)
    i.HAL_UART_TxCpltCallback                0x08001ca8   Section        0  stm32f4xx_hal_uart.o(i.HAL_UART_TxCpltCallback)
    i.HardFault_Handler                      0x08001caa   Section        0  stm32f4xx_it.o(i.HardFault_Handler)
    i.KEY_Scan                               0x08001cb0   Section        0  key.o(i.KEY_Scan)
    i.LED_Init                               0x08001d80   Section        0  led.o(i.LED_Init)
    i.MUX_Init                               0x08001ddc   Section        0  mux.o(i.MUX_Init)
    i.MemManage_Handler                      0x08001e50   Section        0  stm32f4xx_it.o(i.MemManage_Handler)
    i.NMI_Handler                            0x08001e54   Section        0  stm32f4xx_it.o(i.NMI_Handler)
    i.NVIC_GetPriorityGrouping               0x08001e58   Section        0  stm32f4xx_hal_cortex.o(i.NVIC_GetPriorityGrouping)
    NVIC_GetPriorityGrouping                 0x08001e59   Thumb Code    10  stm32f4xx_hal_cortex.o(i.NVIC_GetPriorityGrouping)
    i.NVIC_SetPriority                       0x08001e68   Section        0  stm32f4xx_hal_cortex.o(i.NVIC_SetPriority)
    NVIC_SetPriority                         0x08001e69   Thumb Code    32  stm32f4xx_hal_cortex.o(i.NVIC_SetPriority)
    i.PendSV_Handler                         0x08001e90   Section        0  stm32f4xx_it.o(i.PendSV_Handler)
    i.SVC_Handler                            0x08001e92   Section        0  stm32f4xx_it.o(i.SVC_Handler)
    i.SysTick_Handler                        0x08001e94   Section        0  stm32f4xx_it.o(i.SysTick_Handler)
    i.SystemClock_Init                       0x08001e9c   Section        0  system.o(i.SystemClock_Init)
    i.SystemInit                             0x08001f54   Section        0  system_stm32f4xx.o(i.SystemInit)
    i.TIM2_IRQHandler                        0x08001fb8   Section        0  time_1.o(i.TIM2_IRQHandler)
    i.TIM3_IRQHandler                        0x08001fc8   Section        0  time_1.o(i.TIM3_IRQHandler)
    i.TIM3_Init                              0x08001fd8   Section        0  time_1.o(i.TIM3_Init)
    i.TIM4_IRQHandler                        0x08002004   Section        0  time_1.o(i.TIM4_IRQHandler)
    i.TIM_Base_SetConfig                     0x08002034   Section        0  stm32f4xx_hal_tim.o(i.TIM_Base_SetConfig)
    i.UART_EndTransmit_IT                    0x08002118   Section        0  stm32f4xx_hal_uart.o(i.UART_EndTransmit_IT)
    UART_EndTransmit_IT                      0x08002119   Thumb Code    32  stm32f4xx_hal_uart.o(i.UART_EndTransmit_IT)
    i.UART_Receive_IT                        0x08002138   Section        0  stm32f4xx_hal_uart.o(i.UART_Receive_IT)
    UART_Receive_IT                          0x08002139   Thumb Code   166  stm32f4xx_hal_uart.o(i.UART_Receive_IT)
    i.UART_SetConfig                         0x080021e0   Section        0  stm32f4xx_hal_uart.o(i.UART_SetConfig)
    UART_SetConfig                           0x080021e1   Thumb Code   864  stm32f4xx_hal_uart.o(i.UART_SetConfig)
    i.UART_Transmit_IT                       0x08002548   Section        0  stm32f4xx_hal_uart.o(i.UART_Transmit_IT)
    UART_Transmit_IT                         0x08002549   Thumb Code   104  stm32f4xx_hal_uart.o(i.UART_Transmit_IT)
    i.UART_WaitOnFlagUntilTimeout            0x080025b0   Section        0  stm32f4xx_hal_uart.o(i.UART_WaitOnFlagUntilTimeout)
    UART_WaitOnFlagUntilTimeout              0x080025b1   Thumb Code   260  stm32f4xx_hal_uart.o(i.UART_WaitOnFlagUntilTimeout)
    i.USART1_IRQHandler                      0x080026b4   Section        0  usart.o(i.USART1_IRQHandler)
    i.USART1_Init                            0x08002704   Section        0  usart.o(i.USART1_Init)
    i.USART3_IRQHandler                      0x08002740   Section        0  usart3.o(i.USART3_IRQHandler)
    i.UsageFault_Handler                     0x08002768   Section        0  stm32f4xx_it.o(i.UsageFault_Handler)
    i.__0printf$8                            0x0800276c   Section        0  printf8.o(i.__0printf$8)
    i.__scatterload_copy                     0x0800278c   Section       14  handlers.o(i.__scatterload_copy)
    i.__scatterload_null                     0x0800279a   Section        2  handlers.o(i.__scatterload_null)
    i.__scatterload_zeroinit                 0x0800279c   Section       14  handlers.o(i.__scatterload_zeroinit)
    i._printf_core                           0x080027ac   Section        0  printf8.o(i._printf_core)
    _printf_core                             0x080027ad   Thumb Code   996  printf8.o(i._printf_core)
    i._printf_post_padding                   0x08002bbc   Section        0  printf8.o(i._printf_post_padding)
    _printf_post_padding                     0x08002bbd   Thumb Code    36  printf8.o(i._printf_post_padding)
    i._printf_pre_padding                    0x08002be0   Section        0  printf8.o(i._printf_pre_padding)
    _printf_pre_padding                      0x08002be1   Thumb Code    46  printf8.o(i._printf_pre_padding)
    i.delay_init                             0x08002c10   Section        0  delay.o(i.delay_init)
    i.delay_ms                               0x08002c24   Section        0  delay.o(i.delay_ms)
    i.delay_us                               0x08002c3c   Section        0  delay.o(i.delay_us)
    i.exchangeBytes                          0x08002c84   Section        0  common.o(i.exchangeBytes)
    i.exchangeWord                           0x08002c9e   Section        0  common.o(i.exchangeWord)
    i.fputc                                  0x08002cb8   Section        0  usart.o(i.fputc)
    i.free                                   0x08002cd4   Section        0  malloc.o(i.free)
    i.gizByteOrderExchange                   0x08002d24   Section        0  datapointtools.o(i.gizByteOrderExchange)
    i.gizCheckReport                         0x08002d58   Section        0  gizwits_protocol.o(i.gizCheckReport)
    gizCheckReport                           0x08002d59   Thumb Code   200  gizwits_protocol.o(i.gizCheckReport)
    i.gizDataPoints2ReportData               0x08002eac   Section        0  gizwits_protocol.o(i.gizDataPoints2ReportData)
    gizDataPoints2ReportData                 0x08002ead   Thumb Code   330  gizwits_protocol.o(i.gizDataPoints2ReportData)
    i.gizDevReportPolicy                     0x08003038   Section        0  gizwits_protocol.o(i.gizDevReportPolicy)
    gizDevReportPolicy                       0x08003039   Thumb Code   164  gizwits_protocol.o(i.gizDevReportPolicy)
    i.gizGetTimerCount                       0x0800311c   Section        0  gizwits_product.o(i.gizGetTimerCount)
    i.gizProtocolAckHandle                   0x08003128   Section        0  gizwits_protocol.o(i.gizProtocolAckHandle)
    gizProtocolAckHandle                     0x08003129   Thumb Code    94  gizwits_protocol.o(i.gizProtocolAckHandle)
    i.gizProtocolCommonAck                   0x080031b4   Section        0  gizwits_protocol.o(i.gizProtocolCommonAck)
    gizProtocolCommonAck                     0x080031b5   Thumb Code    86  gizwits_protocol.o(i.gizProtocolCommonAck)
    i.gizProtocolErrorCmd                    0x08003254   Section        0  gizwits_protocol.o(i.gizProtocolErrorCmd)
    gizProtocolErrorCmd                      0x08003255   Thumb Code    90  gizwits_protocol.o(i.gizProtocolErrorCmd)
    i.gizProtocolGetDeviceInfo               0x080032f8   Section        0  gizwits_protocol.o(i.gizProtocolGetDeviceInfo)
    gizProtocolGetDeviceInfo                 0x080032f9   Thumb Code   182  gizwits_protocol.o(i.gizProtocolGetDeviceInfo)
    i.gizProtocolGetOnePacket                0x08003474   Section        0  gizwits_protocol.o(i.gizProtocolGetOnePacket)
    gizProtocolGetOnePacket                  0x08003475   Thumb Code   358  gizwits_protocol.o(i.gizProtocolGetOnePacket)
    i.gizProtocolHeadInit                    0x0800361c   Section        0  gizwits_protocol.o(i.gizProtocolHeadInit)
    gizProtocolHeadInit                      0x0800361d   Thumb Code    34  gizwits_protocol.o(i.gizProtocolHeadInit)
    i.gizProtocolIssuedDataAck               0x0800366c   Section        0  gizwits_protocol.o(i.gizProtocolIssuedDataAck)
    gizProtocolIssuedDataAck                 0x0800366d   Thumb Code   226  gizwits_protocol.o(i.gizProtocolIssuedDataAck)
    i.gizProtocolIssuedProcess               0x080037a8   Section        0  gizwits_protocol.o(i.gizProtocolIssuedProcess)
    gizProtocolIssuedProcess                 0x080037a9   Thumb Code   220  gizwits_protocol.o(i.gizProtocolIssuedProcess)
    i.gizProtocolModuleInfoHandle            0x080038dc   Section        0  gizwits_protocol.o(i.gizProtocolModuleInfoHandle)
    gizProtocolModuleInfoHandle              0x080038dd   Thumb Code    66  gizwits_protocol.o(i.gizProtocolModuleInfoHandle)
    i.gizProtocolModuleStatus                0x08003938   Section        0  gizwits_protocol.o(i.gizProtocolModuleStatus)
    gizProtocolModuleStatus                  0x08003939   Thumb Code   816  gizwits_protocol.o(i.gizProtocolModuleStatus)
    i.gizProtocolNTP                         0x08003e3c   Section        0  gizwits_protocol.o(i.gizProtocolNTP)
    gizProtocolNTP                           0x08003e3d   Thumb Code   104  gizwits_protocol.o(i.gizProtocolNTP)
    i.gizProtocolReboot                      0x08003ec0   Section        0  gizwits_protocol.o(i.gizProtocolReboot)
    gizProtocolReboot                        0x08003ec1   Thumb Code    28  gizwits_protocol.o(i.gizProtocolReboot)
    i.gizProtocolResendData                  0x08003edc   Section        0  gizwits_protocol.o(i.gizProtocolResendData)
    gizProtocolResendData                    0x08003edd   Thumb Code    64  gizwits_protocol.o(i.gizProtocolResendData)
    i.gizProtocolSum                         0x08003f58   Section        0  common.o(i.gizProtocolSum)
    i.gizProtocolWaitAck                     0x08003f80   Section        0  gizwits_protocol.o(i.gizProtocolWaitAck)
    gizProtocolWaitAck                       0x08003f81   Thumb Code    70  gizwits_protocol.o(i.gizProtocolWaitAck)
    i.gizProtocolWaitAckCheck                0x08003fe4   Section        0  gizwits_protocol.o(i.gizProtocolWaitAckCheck)
    gizProtocolWaitAckCheck                  0x08003fe5   Thumb Code    44  gizwits_protocol.o(i.gizProtocolWaitAckCheck)
    i.gizPutData                             0x0800402c   Section        0  gizwits_protocol.o(i.gizPutData)
    i.gizReportData                          0x080040a0   Section        0  gizwits_protocol.o(i.gizReportData)
    gizReportData                            0x080040a1   Thumb Code   174  gizwits_protocol.o(i.gizReportData)
    i.gizTimerMs                             0x08004198   Section        0  gizwits_product.o(i.gizTimerMs)
    i.gizY2XFloat                            0x080041a8   Section        0  datapointtools.o(i.gizY2XFloat)
    i.gizwitsEventProcess                    0x080041bc   Section        0  gizwits_product.o(i.gizwitsEventProcess)
    i.gizwitsHandle                          0x080042f0   Section        0  gizwits_protocol.o(i.gizwitsHandle)
    i.gizwitsInit                            0x08004610   Section        0  gizwits_protocol.o(i.gizwitsInit)
    i.gizwitsSetMode                         0x08004674   Section        0  gizwits_protocol.o(i.gizwitsSetMode)
    i.main                                   0x080048fc   Section        0  main.o(i.main)
    i.mcuRestart                             0x08004a2c   Section        0  gizwits_product.o(i.mcuRestart)
    i.rbCanRead                              0x08004a78   Section        0  ringbuffer.o(i.rbCanRead)
    i.rbCanWrite                             0x08004ab0   Section        0  ringbuffer.o(i.rbCanWrite)
    i.rbCapacity                             0x08004ace   Section        0  ringbuffer.o(i.rbCapacity)
    i.rbCreate                               0x08004adc   Section        0  ringbuffer.o(i.rbCreate)
    i.rbRead                                 0x08004af2   Section        0  ringbuffer.o(i.rbRead)
    i.rbWrite                                0x08004b94   Section        0  ringbuffer.o(i.rbWrite)
    i.selectMuxPin                           0x08004c30   Section        0  mux.o(i.selectMuxPin)
    i.uart3_init                             0x08004c74   Section        0  usart3.o(i.uart3_init)
    i.uartWrite                              0x08004d2c   Section        0  gizwits_product.o(i.uartWrite)
    i.userHandle                             0x08004d9c   Section        0  main.o(i.userHandle)
    .constdata                               0x08004e30   Section       16  stm32f4xx_hal_rcc.o(.constdata)
    .constdata                               0x08004e40   Section       32  mux.o(.constdata)
    .data                                    0x20000000   Section        1  main.o(.data)
    .data                                    0x20000004   Section       20  system_stm32f4xx.o(.data)
    .data                                    0x20000018   Section        4  stm32f4xx_hal.o(.data)
    .data                                    0x2000001c   Section        1  key.o(.data)
    key_up                                   0x2000001c   Data           1  key.o(.data)
    .data                                    0x2000001d   Section        1  usart.o(.data)
    .data                                    0x20000020   Section        4  delay.o(.data)
    fac_us                                   0x20000020   Data           4  delay.o(.data)
    .data                                    0x20000024   Section        4  gizwits_product.o(.data)
    timerMsCount                             0x20000024   Data           4  gizwits_product.o(.data)
    .data                                    0x20000028   Section       16  gizwits_protocol.o(.data)
    lastReportTime                           0x20000028   Data           4  gizwits_protocol.o(.data)
    lastRepTime                              0x2000002c   Data           4  gizwits_protocol.o(.data)
    protocolFlag                             0x20000030   Data           1  gizwits_protocol.o(.data)
    protocolCount                            0x20000032   Data           2  gizwits_protocol.o(.data)
    lastData                                 0x20000034   Data           1  gizwits_protocol.o(.data)
    debugCount                               0x20000035   Data           1  gizwits_protocol.o(.data)
    lastStatus                               0x20000036   Data           2  gizwits_protocol.o(.data)
    .data                                    0x20000038   Section        4  stdout.o(.data)
    .data                                    0x2000003c   Section        4  mvars.o(.data)
    .bss                                     0x20000040   Section      180  time_1.o(.bss)
    .bss                                     0x200000f4   Section       72  adc.o(.bss)
    .bss                                     0x2000013c   Section       64  usart3.o(.bss)
    .bss                                     0x2000017c   Section       64  usart.o(.bss)
    .bss                                     0x200001bc   Section      576  gizwits_product.o(.bss)
    .bss                                     0x200003fc   Section     1486  gizwits_protocol.o(.bss)
    rbBuf                                    0x20000994   Data          54  gizwits_protocol.o(.bss)
    STACK                                    0x200009d0   Section     1024  startup_stm32f429xx.o(STACK)

    Global Symbols

    Symbol Name                              Value     Ov Type        Size  Object(Section)

    BuildAttributes$$THM_ISAv4$E$P$D$K$B$S$7EM$VFPi3$EXTD16$VFPS$VFMA$PE$A:L22UL41UL21$X:L11$S22US41US21$IEEE1$IW$USESV6$~STKCKD$USESV7$~SHL$OSPACE$ROPI$EBA8$MICROLIB$REQ8$PRES8$EABIv2 0x00000000   Number         0  anon$$obj.o ABSOLUTE
    __ARM_use_no_argv                        0x00000000   Number         0  main.o ABSOLUTE
    _printf_a                                0x00000000   Number         0  stubs.o ABSOLUTE
    _printf_c                                0x00000000   Number         0  stubs.o ABSOLUTE
    _printf_charcount                        0x00000000   Number         0  stubs.o ABSOLUTE
    _printf_d                                0x00000000   Number         0  stubs.o ABSOLUTE
    _printf_e                                0x00000000   Number         0  stubs.o ABSOLUTE
    _printf_f                                0x00000000   Number         0  stubs.o ABSOLUTE
    _printf_flags                            0x00000000   Number         0  stubs.o ABSOLUTE
    _printf_fp_dec                           0x00000000   Number         0  stubs.o ABSOLUTE
    _printf_fp_hex                           0x00000000   Number         0  stubs.o ABSOLUTE
    _printf_g                                0x00000000   Number         0  stubs.o ABSOLUTE
    _printf_i                                0x00000000   Number         0  stubs.o ABSOLUTE
    _printf_int_dec                          0x00000000   Number         0  stubs.o ABSOLUTE
    _printf_l                                0x00000000   Number         0  stubs.o ABSOLUTE
    _printf_lc                               0x00000000   Number         0  stubs.o ABSOLUTE
    _printf_ll                               0x00000000   Number         0  stubs.o ABSOLUTE
    _printf_lld                              0x00000000   Number         0  stubs.o ABSOLUTE
    _printf_lli                              0x00000000   Number         0  stubs.o ABSOLUTE
    _printf_llo                              0x00000000   Number         0  stubs.o ABSOLUTE
    _printf_llu                              0x00000000   Number         0  stubs.o ABSOLUTE
    _printf_llx                              0x00000000   Number         0  stubs.o ABSOLUTE
    _printf_longlong_dec                     0x00000000   Number         0  stubs.o ABSOLUTE
    _printf_longlong_hex                     0x00000000   Number         0  stubs.o ABSOLUTE
    _printf_longlong_oct                     0x00000000   Number         0  stubs.o ABSOLUTE
    _printf_ls                               0x00000000   Number         0  stubs.o ABSOLUTE
    _printf_mbtowc                           0x00000000   Number         0  stubs.o ABSOLUTE
    _printf_n                                0x00000000   Number         0  stubs.o ABSOLUTE
    _printf_o                                0x00000000   Number         0  stubs.o ABSOLUTE
    _printf_p                                0x00000000   Number         0  stubs.o ABSOLUTE
    _printf_percent                          0x00000000   Number         0  stubs.o ABSOLUTE
    _printf_pre_padding                      0x00000000   Number         0  stubs.o ABSOLUTE
    _printf_return_value                     0x00000000   Number         0  stubs.o ABSOLUTE
    _printf_s                                0x00000000   Number         0  stubs.o ABSOLUTE
    _printf_sizespec                         0x00000000   Number         0  stubs.o ABSOLUTE
    _printf_str                              0x00000000   Number         0  stubs.o ABSOLUTE
    _printf_truncate_signed                  0x00000000   Number         0  stubs.o ABSOLUTE
    _printf_truncate_unsigned                0x00000000   Number         0  stubs.o ABSOLUTE
    _printf_u                                0x00000000   Number         0  stubs.o ABSOLUTE
    _printf_wc                               0x00000000   Number         0  stubs.o ABSOLUTE
    _printf_wctomb                           0x00000000   Number         0  stubs.o ABSOLUTE
    _printf_widthprec                        0x00000000   Number         0  stubs.o ABSOLUTE
    _printf_x                                0x00000000   Number         0  stubs.o ABSOLUTE
    __cpp_initialize__aeabi_                  - Undefined Weak Reference
    __cxa_finalize                            - Undefined Weak Reference
    __decompress                              - Undefined Weak Reference
    _clock_init                               - Undefined Weak Reference
    _microlib_exit                            - Undefined Weak Reference
    __Vectors_Size                           0x000001ac   Number         0  startup_stm32f429xx.o ABSOLUTE
    __Vectors                                0x08000000   Data           4  startup_stm32f429xx.o(RESET)
    __Vectors_End                            0x080001ac   Data           0  startup_stm32f429xx.o(RESET)
    __main                                   0x080001ad   Thumb Code     0  entry.o(.ARM.Collect$$$$00000000)
    _main_stk                                0x080001ad   Thumb Code     0  entry2.o(.ARM.Collect$$$$00000001)
    _main_scatterload                        0x080001b1   Thumb Code     0  entry5.o(.ARM.Collect$$$$00000004)
    __main_after_scatterload                 0x080001b5   Thumb Code     0  entry5.o(.ARM.Collect$$$$00000004)
    _main_clock                              0x080001b5   Thumb Code     0  entry7b.o(.ARM.Collect$$$$00000008)
    _main_cpp_init                           0x080001b5   Thumb Code     0  entry8b.o(.ARM.Collect$$$$0000000A)
    _main_init                               0x080001b5   Thumb Code     0  entry9a.o(.ARM.Collect$$$$0000000B)
    __rt_final_cpp                           0x080001bd   Thumb Code     0  entry10a.o(.ARM.Collect$$$$0000000D)
    __rt_final_exit                          0x080001bd   Thumb Code     0  entry11a.o(.ARM.Collect$$$$0000000F)
    Reset_Handler                            0x080001c1   Thumb Code     8  startup_stm32f429xx.o(.text)
    ADC_IRQHandler                           0x080001db   Thumb Code     0  startup_stm32f429xx.o(.text)
    CAN1_RX0_IRQHandler                      0x080001db   Thumb Code     0  startup_stm32f429xx.o(.text)
    CAN1_RX1_IRQHandler                      0x080001db   Thumb Code     0  startup_stm32f429xx.o(.text)
    CAN1_SCE_IRQHandler                      0x080001db   Thumb Code     0  startup_stm32f429xx.o(.text)
    CAN1_TX_IRQHandler                       0x080001db   Thumb Code     0  startup_stm32f429xx.o(.text)
    CAN2_RX0_IRQHandler                      0x080001db   Thumb Code     0  startup_stm32f429xx.o(.text)
    CAN2_RX1_IRQHandler                      0x080001db   Thumb Code     0  startup_stm32f429xx.o(.text)
    CAN2_SCE_IRQHandler                      0x080001db   Thumb Code     0  startup_stm32f429xx.o(.text)
    CAN2_TX_IRQHandler                       0x080001db   Thumb Code     0  startup_stm32f429xx.o(.text)
    DCMI_IRQHandler                          0x080001db   Thumb Code     0  startup_stm32f429xx.o(.text)
    DMA1_Stream0_IRQHandler                  0x080001db   Thumb Code     0  startup_stm32f429xx.o(.text)
    DMA1_Stream1_IRQHandler                  0x080001db   Thumb Code     0  startup_stm32f429xx.o(.text)
    DMA1_Stream2_IRQHandler                  0x080001db   Thumb Code     0  startup_stm32f429xx.o(.text)
    DMA1_Stream3_IRQHandler                  0x080001db   Thumb Code     0  startup_stm32f429xx.o(.text)
    DMA1_Stream4_IRQHandler                  0x080001db   Thumb Code     0  startup_stm32f429xx.o(.text)
    DMA1_Stream5_IRQHandler                  0x080001db   Thumb Code     0  startup_stm32f429xx.o(.text)
    DMA1_Stream6_IRQHandler                  0x080001db   Thumb Code     0  startup_stm32f429xx.o(.text)
    DMA1_Stream7_IRQHandler                  0x080001db   Thumb Code     0  startup_stm32f429xx.o(.text)
    DMA2D_IRQHandler                         0x080001db   Thumb Code     0  startup_stm32f429xx.o(.text)
    DMA2_Stream0_IRQHandler                  0x080001db   Thumb Code     0  startup_stm32f429xx.o(.text)
    DMA2_Stream1_IRQHandler                  0x080001db   Thumb Code     0  startup_stm32f429xx.o(.text)
    DMA2_Stream2_IRQHandler                  0x080001db   Thumb Code     0  startup_stm32f429xx.o(.text)
    DMA2_Stream3_IRQHandler                  0x080001db   Thumb Code     0  startup_stm32f429xx.o(.text)
    DMA2_Stream4_IRQHandler                  0x080001db   Thumb Code     0  startup_stm32f429xx.o(.text)
    DMA2_Stream5_IRQHandler                  0x080001db   Thumb Code     0  startup_stm32f429xx.o(.text)
    DMA2_Stream6_IRQHandler                  0x080001db   Thumb Code     0  startup_stm32f429xx.o(.text)
    DMA2_Stream7_IRQHandler                  0x080001db   Thumb Code     0  startup_stm32f429xx.o(.text)
    ETH_IRQHandler                           0x080001db   Thumb Code     0  startup_stm32f429xx.o(.text)
    ETH_WKUP_IRQHandler                      0x080001db   Thumb Code     0  startup_stm32f429xx.o(.text)
    EXTI0_IRQHandler                         0x080001db   Thumb Code     0  startup_stm32f429xx.o(.text)
    EXTI15_10_IRQHandler                     0x080001db   Thumb Code     0  startup_stm32f429xx.o(.text)
    EXTI1_IRQHandler                         0x080001db   Thumb Code     0  startup_stm32f429xx.o(.text)
    EXTI2_IRQHandler                         0x080001db   Thumb Code     0  startup_stm32f429xx.o(.text)
    EXTI3_IRQHandler                         0x080001db   Thumb Code     0  startup_stm32f429xx.o(.text)
    EXTI4_IRQHandler                         0x080001db   Thumb Code     0  startup_stm32f429xx.o(.text)
    EXTI9_5_IRQHandler                       0x080001db   Thumb Code     0  startup_stm32f429xx.o(.text)
    FLASH_IRQHandler                         0x080001db   Thumb Code     0  startup_stm32f429xx.o(.text)
    FMC_IRQHandler                           0x080001db   Thumb Code     0  startup_stm32f429xx.o(.text)
    FPU_IRQHandler                           0x080001db   Thumb Code     0  startup_stm32f429xx.o(.text)
    HASH_RNG_IRQHandler                      0x080001db   Thumb Code     0  startup_stm32f429xx.o(.text)
    I2C1_ER_IRQHandler                       0x080001db   Thumb Code     0  startup_stm32f429xx.o(.text)
    I2C1_EV_IRQHandler                       0x080001db   Thumb Code     0  startup_stm32f429xx.o(.text)
    I2C2_ER_IRQHandler                       0x080001db   Thumb Code     0  startup_stm32f429xx.o(.text)
    I2C2_EV_IRQHandler                       0x080001db   Thumb Code     0  startup_stm32f429xx.o(.text)
    I2C3_ER_IRQHandler                       0x080001db   Thumb Code     0  startup_stm32f429xx.o(.text)
    I2C3_EV_IRQHandler                       0x080001db   Thumb Code     0  startup_stm32f429xx.o(.text)
    LTDC_ER_IRQHandler                       0x080001db   Thumb Code     0  startup_stm32f429xx.o(.text)
    LTDC_IRQHandler                          0x080001db   Thumb Code     0  startup_stm32f429xx.o(.text)
    OTG_FS_IRQHandler                        0x080001db   Thumb Code     0  startup_stm32f429xx.o(.text)
    OTG_FS_WKUP_IRQHandler                   0x080001db   Thumb Code     0  startup_stm32f429xx.o(.text)
    OTG_HS_EP1_IN_IRQHandler                 0x080001db   Thumb Code     0  startup_stm32f429xx.o(.text)
    OTG_HS_EP1_OUT_IRQHandler                0x080001db   Thumb Code     0  startup_stm32f429xx.o(.text)
    OTG_HS_IRQHandler                        0x080001db   Thumb Code     0  startup_stm32f429xx.o(.text)
    OTG_HS_WKUP_IRQHandler                   0x080001db   Thumb Code     0  startup_stm32f429xx.o(.text)
    PVD_IRQHandler                           0x080001db   Thumb Code     0  startup_stm32f429xx.o(.text)
    RCC_IRQHandler                           0x080001db   Thumb Code     0  startup_stm32f429xx.o(.text)
    RTC_Alarm_IRQHandler                     0x080001db   Thumb Code     0  startup_stm32f429xx.o(.text)
    RTC_WKUP_IRQHandler                      0x080001db   Thumb Code     0  startup_stm32f429xx.o(.text)
    SAI1_IRQHandler                          0x080001db   Thumb Code     0  startup_stm32f429xx.o(.text)
    SDIO_IRQHandler                          0x080001db   Thumb Code     0  startup_stm32f429xx.o(.text)
    SPI1_IRQHandler                          0x080001db   Thumb Code     0  startup_stm32f429xx.o(.text)
    SPI2_IRQHandler                          0x080001db   Thumb Code     0  startup_stm32f429xx.o(.text)
    SPI3_IRQHandler                          0x080001db   Thumb Code     0  startup_stm32f429xx.o(.text)
    SPI4_IRQHandler                          0x080001db   Thumb Code     0  startup_stm32f429xx.o(.text)
    SPI5_IRQHandler                          0x080001db   Thumb Code     0  startup_stm32f429xx.o(.text)
    SPI6_IRQHandler                          0x080001db   Thumb Code     0  startup_stm32f429xx.o(.text)
    TAMP_STAMP_IRQHandler                    0x080001db   Thumb Code     0  startup_stm32f429xx.o(.text)
    TIM1_BRK_TIM9_IRQHandler                 0x080001db   Thumb Code     0  startup_stm32f429xx.o(.text)
    TIM1_CC_IRQHandler                       0x080001db   Thumb Code     0  startup_stm32f429xx.o(.text)
    TIM1_TRG_COM_TIM11_IRQHandler            0x080001db   Thumb Code     0  startup_stm32f429xx.o(.text)
    TIM1_UP_TIM10_IRQHandler                 0x080001db   Thumb Code     0  startup_stm32f429xx.o(.text)
    TIM5_IRQHandler                          0x080001db   Thumb Code     0  startup_stm32f429xx.o(.text)
    TIM6_DAC_IRQHandler                      0x080001db   Thumb Code     0  startup_stm32f429xx.o(.text)
    TIM7_IRQHandler                          0x080001db   Thumb Code     0  startup_stm32f429xx.o(.text)
    TIM8_BRK_TIM12_IRQHandler                0x080001db   Thumb Code     0  startup_stm32f429xx.o(.text)
    TIM8_CC_IRQHandler                       0x080001db   Thumb Code     0  startup_stm32f429xx.o(.text)
    TIM8_TRG_COM_TIM14_IRQHandler            0x080001db   Thumb Code     0  startup_stm32f429xx.o(.text)
    TIM8_UP_TIM13_IRQHandler                 0x080001db   Thumb Code     0  startup_stm32f429xx.o(.text)
    UART4_IRQHandler                         0x080001db   Thumb Code     0  startup_stm32f429xx.o(.text)
    UART5_IRQHandler                         0x080001db   Thumb Code     0  startup_stm32f429xx.o(.text)
    UART7_IRQHandler                         0x080001db   Thumb Code     0  startup_stm32f429xx.o(.text)
    UART8_IRQHandler                         0x080001db   Thumb Code     0  startup_stm32f429xx.o(.text)
    USART2_IRQHandler                        0x080001db   Thumb Code     0  startup_stm32f429xx.o(.text)
    USART6_IRQHandler                        0x080001db   Thumb Code     0  startup_stm32f429xx.o(.text)
    WWDG_IRQHandler                          0x080001db   Thumb Code     0  startup_stm32f429xx.o(.text)
    __aeabi_memcpy                           0x080001e5   Thumb Code    36  memcpya.o(.text)
    __aeabi_memcpy4                          0x080001e5   Thumb Code     0  memcpya.o(.text)
    __aeabi_memcpy8                          0x080001e5   Thumb Code     0  memcpya.o(.text)
    __aeabi_memset                           0x08000209   Thumb Code    14  memseta.o(.text)
    __aeabi_memset4                          0x08000209   Thumb Code     0  memseta.o(.text)
    __aeabi_memset8                          0x08000209   Thumb Code     0  memseta.o(.text)
    __aeabi_memclr                           0x08000217   Thumb Code     4  memseta.o(.text)
    __aeabi_memclr4                          0x08000217   Thumb Code     0  memseta.o(.text)
    __aeabi_memclr8                          0x08000217   Thumb Code     0  memseta.o(.text)
    _memset$wrapper                          0x0800021b   Thumb Code    18  memseta.o(.text)
    __aeabi_uldivmod                         0x0800022d   Thumb Code    98  uldiv.o(.text)
    __scatterload                            0x08000291   Thumb Code    28  init.o(.text)
    __scatterload_rt2                        0x08000291   Thumb Code     0  init.o(.text)
    __aeabi_llsl                             0x080002b5   Thumb Code    30  llshl.o(.text)
    _ll_shift_l                              0x080002b5   Thumb Code     0  llshl.o(.text)
    __aeabi_llsr                             0x080002d3   Thumb Code    32  llushr.o(.text)
    _ll_ushift_r                             0x080002d3   Thumb Code     0  llushr.o(.text)
    ADCx_Init                                0x0800046d   Thumb Code    54  adc.o(i.ADCx_Init)
    BusFault_Handler                         0x080004b1   Thumb Code     4  stm32f4xx_it.o(i.BusFault_Handler)
    DebugMon_Handler                         0x080004b5   Thumb Code     2  stm32f4xx_it.o(i.DebugMon_Handler)
    Get_Adc                                  0x080004b9   Thumb Code   444  adc.o(i.Get_Adc)
    Gizwits_Init                             0x08000679   Thumb Code    36  main.o(i.Gizwits_Init)
    HAL_ADC_ConfigChannel                    0x080006a1   Thumb Code   390  stm32f4xx_hal_adc.o(i.HAL_ADC_ConfigChannel)
    HAL_ADC_GetValue                         0x0800083d   Thumb Code     8  stm32f4xx_hal_adc.o(i.HAL_ADC_GetValue)
    HAL_ADC_Init                             0x08000845   Thumb Code   100  stm32f4xx_hal_adc.o(i.HAL_ADC_Init)
    HAL_ADC_MspInit                          0x080008ad   Thumb Code   196  adc.o(i.HAL_ADC_MspInit)
    HAL_ADC_PollForConversion                0x08000981   Thumb Code   186  stm32f4xx_hal_adc.o(i.HAL_ADC_PollForConversion)
    HAL_ADC_Start                            0x08000a3d   Thumb Code   236  stm32f4xx_hal_adc.o(i.HAL_ADC_Start)
    HAL_GPIO_Init                            0x08000b39   Thumb Code   486  stm32f4xx_hal_gpio.o(i.HAL_GPIO_Init)
    HAL_GPIO_ReadPin                         0x08000d55   Thumb Code    16  stm32f4xx_hal_gpio.o(i.HAL_GPIO_ReadPin)
    HAL_GPIO_WritePin                        0x08000d65   Thumb Code    12  stm32f4xx_hal_gpio.o(i.HAL_GPIO_WritePin)
    HAL_GetTick                              0x08000d71   Thumb Code     6  stm32f4xx_hal.o(i.HAL_GetTick)
    HAL_IncTick                              0x08000d7d   Thumb Code    12  stm32f4xx_hal.o(i.HAL_IncTick)
    HAL_Init                                 0x08000d8d   Thumb Code    54  stm32f4xx_hal.o(i.HAL_Init)
    HAL_InitTick                             0x08000dc9   Thumb Code    36  stm32f4xx_hal.o(i.HAL_InitTick)
    HAL_MspInit                              0x08000ded   Thumb Code     2  stm32f4xx_hal.o(i.HAL_MspInit)
    HAL_NVIC_EnableIRQ                       0x08000def   Thumb Code    26  stm32f4xx_hal_cortex.o(i.HAL_NVIC_EnableIRQ)
    HAL_NVIC_SetPriority                     0x08000e09   Thumb Code   124  stm32f4xx_hal_cortex.o(i.HAL_NVIC_SetPriority)
    HAL_NVIC_SetPriorityGrouping             0x08000e85   Thumb Code    32  stm32f4xx_hal_cortex.o(i.HAL_NVIC_SetPriorityGrouping)
    HAL_PWREx_EnableOverDrive                0x08000ead   Thumb Code   152  stm32f4xx_hal_pwr_ex.o(i.HAL_PWREx_EnableOverDrive)
    HAL_RCC_ClockConfig                      0x08000f51   Thumb Code   412  stm32f4xx_hal_rcc.o(i.HAL_RCC_ClockConfig)
    HAL_RCC_GetHCLKFreq                      0x080010f5   Thumb Code    42  stm32f4xx_hal_rcc.o(i.HAL_RCC_GetHCLKFreq)
    HAL_RCC_GetPCLK1Freq                     0x0800112d   Thumb Code    36  stm32f4xx_hal_rcc.o(i.HAL_RCC_GetPCLK1Freq)
    HAL_RCC_GetPCLK2Freq                     0x08001159   Thumb Code    36  stm32f4xx_hal_rcc.o(i.HAL_RCC_GetPCLK2Freq)
    HAL_RCC_GetSysClockFreq                  0x08001185   Thumb Code   168  stm32f4xx_hal_rcc.o(i.HAL_RCC_GetSysClockFreq)
    HAL_RCC_OscConfig                        0x08001239   Thumb Code   906  stm32f4xx_hal_rcc.o(i.HAL_RCC_OscConfig)
    HAL_SYSTICK_CLKSourceConfig              0x080015d5   Thumb Code    40  stm32f4xx_hal_cortex.o(i.HAL_SYSTICK_CLKSourceConfig)
    HAL_SYSTICK_Config                       0x080015fd   Thumb Code    52  stm32f4xx_hal_cortex.o(i.HAL_SYSTICK_Config)
    HAL_TIMEx_BreakCallback                  0x08001631   Thumb Code     2  stm32f4xx_hal_tim_ex.o(i.HAL_TIMEx_BreakCallback)
    HAL_TIMEx_CommutationCallback            0x08001633   Thumb Code     2  stm32f4xx_hal_tim_ex.o(i.HAL_TIMEx_CommutationCallback)
    HAL_TIM_Base_Init                        0x08001635   Thumb Code    52  stm32f4xx_hal_tim.o(i.HAL_TIM_Base_Init)
    HAL_TIM_Base_MspInit                     0x08001669   Thumb Code   174  time_1.o(i.HAL_TIM_Base_MspInit)
    HAL_TIM_Base_Start_IT                    0x08001725   Thumb Code    30  stm32f4xx_hal_tim.o(i.HAL_TIM_Base_Start_IT)
    HAL_TIM_IC_CaptureCallback               0x08001743   Thumb Code     2  stm32f4xx_hal_tim.o(i.HAL_TIM_IC_CaptureCallback)
    HAL_TIM_IRQHandler                       0x08001745   Thumb Code   406  stm32f4xx_hal_tim.o(i.HAL_TIM_IRQHandler)
    HAL_TIM_OC_DelayElapsedCallback          0x080018db   Thumb Code     2  stm32f4xx_hal_tim.o(i.HAL_TIM_OC_DelayElapsedCallback)
    HAL_TIM_PWM_PulseFinishedCallback        0x080018dd   Thumb Code     2  stm32f4xx_hal_tim.o(i.HAL_TIM_PWM_PulseFinishedCallback)
    HAL_TIM_PeriodElapsedCallback            0x080018df   Thumb Code     2  time_1.o(i.HAL_TIM_PeriodElapsedCallback)
    HAL_TIM_TriggerCallback                  0x080018e1   Thumb Code     2  stm32f4xx_hal_tim.o(i.HAL_TIM_TriggerCallback)
    HAL_UART_ErrorCallback                   0x080018e3   Thumb Code     2  stm32f4xx_hal_uart.o(i.HAL_UART_ErrorCallback)
    HAL_UART_GetState                        0x080018e5   Thumb Code    20  stm32f4xx_hal_uart.o(i.HAL_UART_GetState)
    HAL_UART_IRQHandler                      0x080018f9   Thumb Code   308  stm32f4xx_hal_uart.o(i.HAL_UART_IRQHandler)
    HAL_UART_Init                            0x08001a2d   Thumb Code   114  stm32f4xx_hal_uart.o(i.HAL_UART_Init)
    HAL_UART_MspInit                         0x08001aa1   Thumb Code   132  usart.o(i.HAL_UART_MspInit)
    HAL_UART_Receive_IT                      0x08001b31   Thumb Code   112  stm32f4xx_hal_uart.o(i.HAL_UART_Receive_IT)
    HAL_UART_RxCpltCallback                  0x08001ba1   Thumb Code    54  usart.o(i.HAL_UART_RxCpltCallback)
    HAL_UART_Transmit                        0x08001be5   Thumb Code   196  stm32f4xx_hal_uart.o(i.HAL_UART_Transmit)
    HAL_UART_TxCpltCallback                  0x08001ca9   Thumb Code     2  stm32f4xx_hal_uart.o(i.HAL_UART_TxCpltCallback)
    HardFault_Handler                        0x08001cab   Thumb Code     4  stm32f4xx_it.o(i.HardFault_Handler)
    KEY_Scan                                 0x08001cb1   Thumb Code   192  key.o(i.KEY_Scan)
    LED_Init                                 0x08001d81   Thumb Code    74  led.o(i.LED_Init)
    MUX_Init                                 0x08001ddd   Thumb Code   100  mux.o(i.MUX_Init)
    MemManage_Handler                        0x08001e51   Thumb Code     4  stm32f4xx_it.o(i.MemManage_Handler)
    NMI_Handler                              0x08001e55   Thumb Code     2  stm32f4xx_it.o(i.NMI_Handler)
    PendSV_Handler                           0x08001e91   Thumb Code     2  stm32f4xx_it.o(i.PendSV_Handler)
    SVC_Handler                              0x08001e93   Thumb Code     2  stm32f4xx_it.o(i.SVC_Handler)
    SysTick_Handler                          0x08001e95   Thumb Code     8  stm32f4xx_it.o(i.SysTick_Handler)
    SystemClock_Init                         0x08001e9d   Thumb Code   176  system.o(i.SystemClock_Init)
    SystemInit                               0x08001f55   Thumb Code    82  system_stm32f4xx.o(i.SystemInit)
    TIM2_IRQHandler                          0x08001fb9   Thumb Code    10  time_1.o(i.TIM2_IRQHandler)
    TIM3_IRQHandler                          0x08001fc9   Thumb Code    10  time_1.o(i.TIM3_IRQHandler)
    TIM3_Init                                0x08001fd9   Thumb Code    36  time_1.o(i.TIM3_Init)
    TIM4_IRQHandler                          0x08002005   Thumb Code    42  time_1.o(i.TIM4_IRQHandler)
    TIM_Base_SetConfig                       0x08002035   Thumb Code   184  stm32f4xx_hal_tim.o(i.TIM_Base_SetConfig)
    USART1_IRQHandler                        0x080026b5   Thumb Code    66  usart.o(i.USART1_IRQHandler)
    USART1_Init                              0x08002705   Thumb Code    50  usart.o(i.USART1_Init)
    USART3_IRQHandler                        0x08002741   Thumb Code    34  usart3.o(i.USART3_IRQHandler)
    UsageFault_Handler                       0x08002769   Thumb Code     4  stm32f4xx_it.o(i.UsageFault_Handler)
    __0printf$8                              0x0800276d   Thumb Code    22  printf8.o(i.__0printf$8)
    __1printf$8                              0x0800276d   Thumb Code     0  printf8.o(i.__0printf$8)
    __2printf                                0x0800276d   Thumb Code     0  printf8.o(i.__0printf$8)
    __scatterload_copy                       0x0800278d   Thumb Code    14  handlers.o(i.__scatterload_copy)
    __scatterload_null                       0x0800279b   Thumb Code     2  handlers.o(i.__scatterload_null)
    __scatterload_zeroinit                   0x0800279d   Thumb Code    14  handlers.o(i.__scatterload_zeroinit)
    delay_init                               0x08002c11   Thumb Code    16  delay.o(i.delay_init)
    delay_ms                                 0x08002c25   Thumb Code    24  delay.o(i.delay_ms)
    delay_us                                 0x08002c3d   Thumb Code    68  delay.o(i.delay_us)
    exchangeBytes                            0x08002c85   Thumb Code    26  common.o(i.exchangeBytes)
    exchangeWord                             0x08002c9f   Thumb Code    26  common.o(i.exchangeWord)
    fputc                                    0x08002cb9   Thumb Code    22  usart.o(i.fputc)
    free                                     0x08002cd5   Thumb Code    76  malloc.o(i.free)
    gizByteOrderExchange                     0x08002d25   Thumb Code    50  datapointtools.o(i.gizByteOrderExchange)
    gizGetTimerCount                         0x0800311d   Thumb Code     6  gizwits_product.o(i.gizGetTimerCount)
    gizProtocolSum                           0x08003f59   Thumb Code    38  common.o(i.gizProtocolSum)
    gizPutData                               0x0800402d   Thumb Code    52  gizwits_protocol.o(i.gizPutData)
    gizTimerMs                               0x08004199   Thumb Code    12  gizwits_product.o(i.gizTimerMs)
    gizY2XFloat                              0x080041a9   Thumb Code    20  datapointtools.o(i.gizY2XFloat)
    gizwitsEventProcess                      0x080041bd   Thumb Code   174  gizwits_product.o(i.gizwitsEventProcess)
    gizwitsHandle                            0x080042f1   Thumb Code   550  gizwits_protocol.o(i.gizwitsHandle)
    gizwitsInit                              0x08004611   Thumb Code    46  gizwits_protocol.o(i.gizwitsInit)
    gizwitsSetMode                           0x08004675   Thumb Code   590  gizwits_protocol.o(i.gizwitsSetMode)
    main                                     0x080048fd   Thumb Code   154  main.o(i.main)
    mcuRestart                               0x08004a2d   Thumb Code    68  gizwits_product.o(i.mcuRestart)
    rbCanRead                                0x08004a79   Thumb Code    56  ringbuffer.o(i.rbCanRead)
    rbCanWrite                               0x08004ab1   Thumb Code    30  ringbuffer.o(i.rbCanWrite)
    rbCapacity                               0x08004acf   Thumb Code    14  ringbuffer.o(i.rbCapacity)
    rbCreate                                 0x08004add   Thumb Code    22  ringbuffer.o(i.rbCreate)
    rbRead                                   0x08004af3   Thumb Code   162  ringbuffer.o(i.rbRead)
    rbWrite                                  0x08004b95   Thumb Code   154  ringbuffer.o(i.rbWrite)
    selectMuxPin                             0x08004c31   Thumb Code    58  mux.o(i.selectMuxPin)
    uart3_init                               0x08004c75   Thumb Code   168  usart3.o(i.uart3_init)
    uartWrite                                0x08004d2d   Thumb Code   104  gizwits_product.o(i.uartWrite)
    userHandle                               0x08004d9d   Thumb Code   134  main.o(i.userHandle)
    APBAHBPrescTable                         0x08004e30   Data          16  stm32f4xx_hal_rcc.o(.constdata)
    selectPins                               0x08004e40   Data          32  mux.o(.constdata)
    Region$$Table$$Base                      0x08004e60   Number         0  anon$$obj.o(Region$$Table)
    Region$$Table$$Limit                     0x08004e80   Number         0  anon$$obj.o(Region$$Table)
    wifi_sta                                 0x20000000   Data           1  main.o(.data)
    SystemCoreClock                          0x20000004   Data           4  system_stm32f4xx.o(.data)
    AHBPrescTable                            0x20000008   Data          16  system_stm32f4xx.o(.data)
    uwTick                                   0x20000018   Data           4  stm32f4xx_hal.o(.data)
    aRxBuffer                                0x2000001d   Data           1  usart.o(.data)
    __stdout                                 0x20000038   Data           4  stdout.o(.data)
    __microlib_freelist                      0x2000003c   Data           4  mvars.o(.data)
    TIM3_Base_Handler                        0x20000040   Data          60  time_1.o(.bss)
    TIM2_Base_Handler                        0x2000007c   Data          60  time_1.o(.bss)
    TIM4_Base_Handler                        0x200000b8   Data          60  time_1.o(.bss)
    ADC1_Handler                             0x200000f4   Data          72  adc.o(.bss)
    UART3_Handler                            0x2000013c   Data          64  usart3.o(.bss)
    UART1_Handler                            0x2000017c   Data          64  usart.o(.bss)
    currentDataPoint                         0x200001bc   Data         576  gizwits_product.o(.bss)
    gizwitsProtocol                          0x200003fc   Data        1416  gizwits_protocol.o(.bss)
    pRb                                      0x20000984   Data          16  gizwits_protocol.o(.bss)
    __initial_sp                             0x20000dd0   Data           0  startup_stm32f429xx.o(STACK)



==============================================================================

Memory Map of the image

  Image Entry point : 0x080001ad

  Load Region LR_IROM1 (Base: 0x08000000, Size: 0x00004ec0, Max: 0x00100000, ABSOLUTE)

    Execution Region ER_IROM1 (Base: 0x08000000, Size: 0x00004e80, Max: 0x00100000, ABSOLUTE)

    Base Addr    Size         Type   Attr      Idx    E Section Name        Object

    0x08000000   0x000001ac   Data   RO          522    RESET               startup_stm32f429xx.o
    0x080001ac   0x00000000   Code   RO         4000  * .ARM.Collect$$$$00000000  mc_w.l(entry.o)
    0x080001ac   0x00000004   Code   RO         4302    .ARM.Collect$$$$00000001  mc_w.l(entry2.o)
    0x080001b0   0x00000004   Code   RO         4305    .ARM.Collect$$$$00000004  mc_w.l(entry5.o)
    0x080001b4   0x00000000   Code   RO         4307    .ARM.Collect$$$$00000008  mc_w.l(entry7b.o)
    0x080001b4   0x00000000   Code   RO         4309    .ARM.Collect$$$$0000000A  mc_w.l(entry8b.o)
    0x080001b4   0x00000008   Code   RO         4310    .ARM.Collect$$$$0000000B  mc_w.l(entry9a.o)
    0x080001bc   0x00000000   Code   RO         4312    .ARM.Collect$$$$0000000D  mc_w.l(entry10a.o)
    0x080001bc   0x00000000   Code   RO         4314    .ARM.Collect$$$$0000000F  mc_w.l(entry11a.o)
    0x080001bc   0x00000004   Code   RO         4303    .ARM.Collect$$$$00002712  mc_w.l(entry2.o)
    0x080001c0   0x00000024   Code   RO          523    .text               startup_stm32f429xx.o
    0x080001e4   0x00000024   Code   RO         4005    .text               mc_w.l(memcpya.o)
    0x08000208   0x00000024   Code   RO         4007    .text               mc_w.l(memseta.o)
    0x0800022c   0x00000062   Code   RO         4319    .text               mc_w.l(uldiv.o)
    0x0800028e   0x00000002   PAD
    0x08000290   0x00000024   Code   RO         4334    .text               mc_w.l(init.o)
    0x080002b4   0x0000001e   Code   RO         4336    .text               mc_w.l(llshl.o)
    0x080002d2   0x00000020   Code   RO         4338    .text               mc_w.l(llushr.o)
    0x080002f2   0x00000002   PAD
    0x080002f4   0x00000178   Code   RO         2910    i.ADC_Init          stm32f4xx_hal_adc.o
    0x0800046c   0x00000044   Code   RO         3281    i.ADCx_Init         adc.o
    0x080004b0   0x00000004   Code   RO          309    i.BusFault_Handler  stm32f4xx_it.o
    0x080004b4   0x00000002   Code   RO          310    i.DebugMon_Handler  stm32f4xx_it.o
    0x080004b6   0x00000002   PAD
    0x080004b8   0x000001c0   Code   RO         3283    i.Get_Adc           adc.o
    0x08000678   0x00000028   Code   RO            4    i.Gizwits_Init      main.o
    0x080006a0   0x0000019c   Code   RO         2912    i.HAL_ADC_ConfigChannel  stm32f4xx_hal_adc.o
    0x0800083c   0x00000008   Code   RO         2919    i.HAL_ADC_GetValue  stm32f4xx_hal_adc.o
    0x08000844   0x00000068   Code   RO         2921    i.HAL_ADC_Init      stm32f4xx_hal_adc.o
    0x080008ac   0x000000d4   Code   RO         3284    i.HAL_ADC_MspInit   adc.o
    0x08000980   0x000000ba   Code   RO         2925    i.HAL_ADC_PollForConversion  stm32f4xx_hal_adc.o
    0x08000a3a   0x00000002   PAD
    0x08000a3c   0x000000fc   Code   RO         2927    i.HAL_ADC_Start     stm32f4xx_hal_adc.o
    0x08000b38   0x0000021c   Code   RO          533    i.HAL_GPIO_Init     stm32f4xx_hal_gpio.o
    0x08000d54   0x00000010   Code   RO          535    i.HAL_GPIO_ReadPin  stm32f4xx_hal_gpio.o
    0x08000d64   0x0000000c   Code   RO          537    i.HAL_GPIO_WritePin  stm32f4xx_hal_gpio.o
    0x08000d70   0x0000000c   Code   RO          716    i.HAL_GetTick       stm32f4xx_hal.o
    0x08000d7c   0x00000010   Code   RO          717    i.HAL_IncTick       stm32f4xx_hal.o
    0x08000d8c   0x0000003c   Code   RO          718    i.HAL_Init          stm32f4xx_hal.o
    0x08000dc8   0x00000024   Code   RO          719    i.HAL_InitTick      stm32f4xx_hal.o
    0x08000dec   0x00000002   Code   RO          721    i.HAL_MspInit       stm32f4xx_hal.o
    0x08000dee   0x0000001a   Code   RO          863    i.HAL_NVIC_EnableIRQ  stm32f4xx_hal_cortex.o
    0x08000e08   0x0000007c   Code   RO          869    i.HAL_NVIC_SetPriority  stm32f4xx_hal_cortex.o
    0x08000e84   0x00000028   Code   RO          870    i.HAL_NVIC_SetPriorityGrouping  stm32f4xx_hal_cortex.o
    0x08000eac   0x000000a4   Code   RO          994    i.HAL_PWREx_EnableOverDrive  stm32f4xx_hal_pwr_ex.o
    0x08000f50   0x000001a4   Code   RO          597    i.HAL_RCC_ClockConfig  stm32f4xx_hal_rcc.o
    0x080010f4   0x00000038   Code   RO          602    i.HAL_RCC_GetHCLKFreq  stm32f4xx_hal_rcc.o
    0x0800112c   0x0000002c   Code   RO          604    i.HAL_RCC_GetPCLK1Freq  stm32f4xx_hal_rcc.o
    0x08001158   0x0000002c   Code   RO          605    i.HAL_RCC_GetPCLK2Freq  stm32f4xx_hal_rcc.o
    0x08001184   0x000000b4   Code   RO          606    i.HAL_RCC_GetSysClockFreq  stm32f4xx_hal_rcc.o
    0x08001238   0x0000039c   Code   RO          609    i.HAL_RCC_OscConfig  stm32f4xx_hal_rcc.o
    0x080015d4   0x00000028   Code   RO          872    i.HAL_SYSTICK_CLKSourceConfig  stm32f4xx_hal_cortex.o
    0x080015fc   0x00000034   Code   RO          874    i.HAL_SYSTICK_Config  stm32f4xx_hal_cortex.o
    0x08001630   0x00000002   Code   RO         1857    i.HAL_TIMEx_BreakCallback  stm32f4xx_hal_tim_ex.o
    0x08001632   0x00000002   Code   RO         1858    i.HAL_TIMEx_CommutationCallback  stm32f4xx_hal_tim_ex.o
    0x08001634   0x00000034   Code   RO         1218    i.HAL_TIM_Base_Init  stm32f4xx_hal_tim.o
    0x08001668   0x000000bc   Code   RO         3182    i.HAL_TIM_Base_MspInit  time_1.o
    0x08001724   0x0000001e   Code   RO         1223    i.HAL_TIM_Base_Start_IT  stm32f4xx_hal_tim.o
    0x08001742   0x00000002   Code   RO         1247    i.HAL_TIM_IC_CaptureCallback  stm32f4xx_hal_tim.o
    0x08001744   0x00000196   Code   RO         1260    i.HAL_TIM_IRQHandler  stm32f4xx_hal_tim.o
    0x080018da   0x00000002   Code   RO         1263    i.HAL_TIM_OC_DelayElapsedCallback  stm32f4xx_hal_tim.o
    0x080018dc   0x00000002   Code   RO         1290    i.HAL_TIM_PWM_PulseFinishedCallback  stm32f4xx_hal_tim.o
    0x080018de   0x00000002   Code   RO         3183    i.HAL_TIM_PeriodElapsedCallback  time_1.o
    0x080018e0   0x00000002   Code   RO         1301    i.HAL_TIM_TriggerCallback  stm32f4xx_hal_tim.o
    0x080018e2   0x00000002   Code   RO         2232    i.HAL_UART_ErrorCallback  stm32f4xx_hal_uart.o
    0x080018e4   0x00000014   Code   RO         2234    i.HAL_UART_GetState  stm32f4xx_hal_uart.o
    0x080018f8   0x00000134   Code   RO         2235    i.HAL_UART_IRQHandler  stm32f4xx_hal_uart.o
    0x08001a2c   0x00000072   Code   RO         2236    i.HAL_UART_Init     stm32f4xx_hal_uart.o
    0x08001a9e   0x00000002   PAD
    0x08001aa0   0x00000090   Code   RO         3435    i.HAL_UART_MspInit  usart.o
    0x08001b30   0x00000070   Code   RO         2241    i.HAL_UART_Receive_IT  stm32f4xx_hal_uart.o
    0x08001ba0   0x00000044   Code   RO         3436    i.HAL_UART_RxCpltCallback  usart.o
    0x08001be4   0x000000c4   Code   RO         2244    i.HAL_UART_Transmit  stm32f4xx_hal_uart.o
    0x08001ca8   0x00000002   Code   RO         2247    i.HAL_UART_TxCpltCallback  stm32f4xx_hal_uart.o
    0x08001caa   0x00000004   Code   RO          311    i.HardFault_Handler  stm32f4xx_it.o
    0x08001cae   0x00000002   PAD
    0x08001cb0   0x000000d0   Code   RO         3402    i.KEY_Scan          key.o
    0x08001d80   0x0000005c   Code   RO         3254    i.LED_Init          led.o
    0x08001ddc   0x00000074   Code   RO         3329    i.MUX_Init          mux.o
    0x08001e50   0x00000004   Code   RO          312    i.MemManage_Handler  stm32f4xx_it.o
    0x08001e54   0x00000002   Code   RO          313    i.NMI_Handler       stm32f4xx_it.o
    0x08001e56   0x00000002   PAD
    0x08001e58   0x00000010   Code   RO          876    i.NVIC_GetPriorityGrouping  stm32f4xx_hal_cortex.o
    0x08001e68   0x00000028   Code   RO          877    i.NVIC_SetPriority  stm32f4xx_hal_cortex.o
    0x08001e90   0x00000002   Code   RO          314    i.PendSV_Handler    stm32f4xx_it.o
    0x08001e92   0x00000002   Code   RO          315    i.SVC_Handler       stm32f4xx_it.o
    0x08001e94   0x00000008   Code   RO          316    i.SysTick_Handler   stm32f4xx_it.o
    0x08001e9c   0x000000b8   Code   RO         3493    i.SystemClock_Init  system.o
    0x08001f54   0x00000064   Code   RO          388    i.SystemInit        system_stm32f4xx.o
    0x08001fb8   0x00000010   Code   RO         3184    i.TIM2_IRQHandler   time_1.o
    0x08001fc8   0x00000010   Code   RO         3186    i.TIM3_IRQHandler   time_1.o
    0x08001fd8   0x0000002c   Code   RO         3187    i.TIM3_Init         time_1.o
    0x08002004   0x00000030   Code   RO         3188    i.TIM4_IRQHandler   time_1.o
    0x08002034   0x000000e4   Code   RO         1302    i.TIM_Base_SetConfig  stm32f4xx_hal_tim.o
    0x08002118   0x00000020   Code   RO         2254    i.UART_EndTransmit_IT  stm32f4xx_hal_uart.o
    0x08002138   0x000000a6   Code   RO         2255    i.UART_Receive_IT   stm32f4xx_hal_uart.o
    0x080021de   0x00000002   PAD
    0x080021e0   0x00000368   Code   RO         2256    i.UART_SetConfig    stm32f4xx_hal_uart.o
    0x08002548   0x00000068   Code   RO         2257    i.UART_Transmit_IT  stm32f4xx_hal_uart.o
    0x080025b0   0x00000104   Code   RO         2258    i.UART_WaitOnFlagUntilTimeout  stm32f4xx_hal_uart.o
    0x080026b4   0x00000050   Code   RO         3437    i.USART1_IRQHandler  usart.o
    0x08002704   0x0000003c   Code   RO         3438    i.USART1_Init       usart.o
    0x08002740   0x00000028   Code   RO         3365    i.USART3_IRQHandler  usart3.o
    0x08002768   0x00000004   Code   RO          317    i.UsageFault_Handler  stm32f4xx_it.o
    0x0800276c   0x00000020   Code   RO         4220    i.__0printf$8       mc_w.l(printf8.o)
    0x0800278c   0x0000000e   Code   RO         4346    i.__scatterload_copy  mc_w.l(handlers.o)
    0x0800279a   0x00000002   Code   RO         4347    i.__scatterload_null  mc_w.l(handlers.o)
    0x0800279c   0x0000000e   Code   RO         4348    i.__scatterload_zeroinit  mc_w.l(handlers.o)
    0x080027aa   0x00000002   PAD
    0x080027ac   0x00000410   Code   RO         4227    i._printf_core      mc_w.l(printf8.o)
    0x08002bbc   0x00000024   Code   RO         4228    i._printf_post_padding  mc_w.l(printf8.o)
    0x08002be0   0x0000002e   Code   RO         4229    i._printf_pre_padding  mc_w.l(printf8.o)
    0x08002c0e   0x00000002   PAD
    0x08002c10   0x00000014   Code   RO         3517    i.delay_init        delay.o
    0x08002c24   0x00000018   Code   RO         3518    i.delay_ms          delay.o
    0x08002c3c   0x00000048   Code   RO         3519    i.delay_us          delay.o
    0x08002c84   0x0000001a   Code   RO         3808    i.exchangeBytes     common.o
    0x08002c9e   0x0000001a   Code   RO         3809    i.exchangeWord      common.o
    0x08002cb8   0x0000001c   Code   RO         3439    i.fputc             usart.o
    0x08002cd4   0x00000050   Code   RO         4274    i.free              mc_w.l(malloc.o)
    0x08002d24   0x00000032   Code   RO         3881    i.gizByteOrderExchange  datapointtools.o
    0x08002d56   0x00000002   PAD
    0x08002d58   0x00000154   Code   RO         3639    i.gizCheckReport    gizwits_protocol.o
    0x08002eac   0x0000018c   Code   RO         3641    i.gizDataPoints2ReportData  gizwits_protocol.o
    0x08003038   0x000000e4   Code   RO         3642    i.gizDevReportPolicy  gizwits_protocol.o
    0x0800311c   0x0000000c   Code   RO         3560    i.gizGetTimerCount  gizwits_product.o
    0x08003128   0x0000008c   Code   RO         3643    i.gizProtocolAckHandle  gizwits_protocol.o
    0x080031b4   0x000000a0   Code   RO         3644    i.gizProtocolCommonAck  gizwits_protocol.o
    0x08003254   0x000000a4   Code   RO         3645    i.gizProtocolErrorCmd  gizwits_protocol.o
    0x080032f8   0x0000017c   Code   RO         3646    i.gizProtocolGetDeviceInfo  gizwits_protocol.o
    0x08003474   0x000001a8   Code   RO         3647    i.gizProtocolGetOnePacket  gizwits_protocol.o
    0x0800361c   0x00000050   Code   RO         3648    i.gizProtocolHeadInit  gizwits_protocol.o
    0x0800366c   0x0000013c   Code   RO         3649    i.gizProtocolIssuedDataAck  gizwits_protocol.o
    0x080037a8   0x00000134   Code   RO         3650    i.gizProtocolIssuedProcess  gizwits_protocol.o
    0x080038dc   0x0000005c   Code   RO         3651    i.gizProtocolModuleInfoHandle  gizwits_protocol.o
    0x08003938   0x00000504   Code   RO         3652    i.gizProtocolModuleStatus  gizwits_protocol.o
    0x08003e3c   0x00000084   Code   RO         3653    i.gizProtocolNTP    gizwits_protocol.o
    0x08003ec0   0x0000001c   Code   RO         3654    i.gizProtocolReboot  gizwits_protocol.o
    0x08003edc   0x0000007c   Code   RO         3655    i.gizProtocolResendData  gizwits_protocol.o
    0x08003f58   0x00000026   Code   RO         3811    i.gizProtocolSum    common.o
    0x08003f7e   0x00000002   PAD
    0x08003f80   0x00000064   Code   RO         3656    i.gizProtocolWaitAck  gizwits_protocol.o
    0x08003fe4   0x00000048   Code   RO         3657    i.gizProtocolWaitAckCheck  gizwits_protocol.o
    0x0800402c   0x00000074   Code   RO         3658    i.gizPutData        gizwits_protocol.o
    0x080040a0   0x000000f8   Code   RO         3659    i.gizReportData     gizwits_protocol.o
    0x08004198   0x00000010   Code   RO         3561    i.gizTimerMs        gizwits_product.o
    0x080041a8   0x00000014   Code   RO         3889    i.gizY2XFloat       datapointtools.o
    0x080041bc   0x00000134   Code   RO         3562    i.gizwitsEventProcess  gizwits_product.o
    0x080042f0   0x00000320   Code   RO         3662    i.gizwitsHandle     gizwits_protocol.o
    0x08004610   0x00000064   Code   RO         3663    i.gizwitsInit       gizwits_protocol.o
    0x08004674   0x00000288   Code   RO         3665    i.gizwitsSetMode    gizwits_protocol.o
    0x080048fc   0x00000130   Code   RO            5    i.main              main.o
    0x08004a2c   0x0000004c   Code   RO         3563    i.mcuRestart        gizwits_product.o
    0x08004a78   0x00000038   Code   RO         3949    i.rbCanRead         ringbuffer.o
    0x08004ab0   0x0000001e   Code   RO         3950    i.rbCanWrite        ringbuffer.o
    0x08004ace   0x0000000e   Code   RO         3951    i.rbCapacity        ringbuffer.o
    0x08004adc   0x00000016   Code   RO         3952    i.rbCreate          ringbuffer.o
    0x08004af2   0x000000a2   Code   RO         3954    i.rbRead            ringbuffer.o
    0x08004b94   0x0000009a   Code   RO         3955    i.rbWrite           ringbuffer.o
    0x08004c2e   0x00000002   PAD
    0x08004c30   0x00000044   Code   RO         3330    i.selectMuxPin      mux.o
    0x08004c74   0x000000b8   Code   RO         3366    i.uart3_init        usart3.o
    0x08004d2c   0x00000070   Code   RO         3564    i.uartWrite         gizwits_product.o
    0x08004d9c   0x00000094   Code   RO            6    i.userHandle        main.o
    0x08004e30   0x00000010   Data   RO          610    .constdata          stm32f4xx_hal_rcc.o
    0x08004e40   0x00000020   Data   RO         3331    .constdata          mux.o
    0x08004e60   0x00000020   Data   RO         4344    Region$$Table       anon$$obj.o


    Execution Region RW_IRAM1 (Base: 0x20000000, Size: 0x00000dd0, Max: 0x00030000, ABSOLUTE)

    Base Addr    Size         Type   Attr      Idx    E Section Name        Object

    0x20000000   0x00000001   Data   RW            7    .data               main.o
    0x20000001   0x00000003   PAD
    0x20000004   0x00000014   Data   RW          389    .data               system_stm32f4xx.o
    0x20000018   0x00000004   Data   RW          724    .data               stm32f4xx_hal.o
    0x2000001c   0x00000001   Data   RW         3403    .data               key.o
    0x2000001d   0x00000001   Data   RW         3441    .data               usart.o
    0x2000001e   0x00000002   PAD
    0x20000020   0x00000004   Data   RW         3520    .data               delay.o
    0x20000024   0x00000004   Data   RW         3567    .data               gizwits_product.o
    0x20000028   0x00000010   Data   RW         3667    .data               gizwits_protocol.o
    0x20000038   0x00000004   Data   RW         4316    .data               mc_w.l(stdout.o)
    0x2000003c   0x00000004   Data   RW         4321    .data               mc_w.l(mvars.o)
    0x20000040   0x000000b4   Zero   RW         3190    .bss                time_1.o
    0x200000f4   0x00000048   Zero   RW         3285    .bss                adc.o
    0x2000013c   0x00000040   Zero   RW         3367    .bss                usart3.o
    0x2000017c   0x00000040   Zero   RW         3440    .bss                usart.o
    0x200001bc   0x00000240   Zero   RW         3566    .bss                gizwits_product.o
    0x200003fc   0x000005ce   Zero   RW         3666    .bss                gizwits_protocol.o
    0x200009ca   0x00000006   PAD
    0x200009d0   0x00000400   Zero   RW          520    STACK               startup_stm32f429xx.o


==============================================================================

Image component sizes


      Code (inc. data)   RO Data    RW Data    ZI Data      Debug   Object Name

       728         50          0          0         72       2943   adc.o
        90          0          0          0          0       3652   common.o
        70          0          0          0          0       1857   datapointtools.o
       116          8          0          4          0       2059   delay.o
       524        178          0          4        576      42177   gizwits_product.o
      6680       2118          0         16       1486      20214   gizwits_protocol.o
       208         16          0          1          0        743   key.o
        92         18          0          0          0        915   led.o
       492        168          0          1          0     429122   main.o
       184         26         32          0          0       1891   mux.o
       438          0          0          0          0       4988   ringbuffer.o
        36          8        428          0       1024        864   startup_stm32f429xx.o
       126         16          0          4          0       4457   stm32f4xx_hal.o
      1338         56          0          0          0       5278   stm32f4xx_hal_adc.o
       338         22          0          0          0      31825   stm32f4xx_hal_cortex.o
       568         54          0          0          0       3283   stm32f4xx_hal_gpio.o
       164         12          0          0          0       1376   stm32f4xx_hal_pwr_ex.o
      1668         68         16          0          0       6091   stm32f4xx_hal_rcc.o
       724         44          0          0          0       6107   stm32f4xx_hal_tim.o
         4          0          0          0          0       1722   stm32f4xx_hal_tim_ex.o
      2188          8          0          0          0      10007   stm32f4xx_hal_uart.o
        32          0          0          0          0       4522   stm32f4xx_it.o
       184          8          0          0          0       1295   system.o
       100         18          0         20          0       1201   system_stm32f4xx.o
       314         40          0          0        180       4325   time_1.o
       380         56          0          1         64       6197   usart.o
       224         22          0          0         64       1917   usart3.o

    ----------------------------------------------------------------------
     18028       3014        508         56       3472     601028   Object Totals
         0          0         32          0          0          0   (incl. Generated)
        18          0          0          5          6          0   (incl. Padding)

    ----------------------------------------------------------------------

      Code (inc. data)   RO Data    RW Data    ZI Data      Debug   Library Member Name

         0          0          0          0          0          0   entry.o
         0          0          0          0          0          0   entry10a.o
         0          0          0          0          0          0   entry11a.o
         8          4          0          0          0          0   entry2.o
         4          0          0          0          0          0   entry5.o
         0          0          0          0          0          0   entry7b.o
         0          0          0          0          0          0   entry8b.o
         8          4          0          0          0          0   entry9a.o
        30          0          0          0          0          0   handlers.o
        36          8          0          0          0         68   init.o
        30          0          0          0          0         68   llshl.o
        32          0          0          0          0         68   llushr.o
        80          4          0          0          0         76   malloc.o
        36          0          0          0          0         68   memcpya.o
        36          0          0          0          0        108   memseta.o
         0          0          0          4          0          0   mvars.o
      1154         54          0          0          0        352   printf8.o
         0          0          0          4          0          0   stdout.o
        98          0          0          0          0         92   uldiv.o

    ----------------------------------------------------------------------
      1560         74          0          8          0        900   Library Totals
         8          0          0          0          0          0   (incl. Padding)

    ----------------------------------------------------------------------

      Code (inc. data)   RO Data    RW Data    ZI Data      Debug   Library Name

      1552         74          0          8          0        900   mc_w.l

    ----------------------------------------------------------------------
      1560         74          0          8          0        900   Library Totals

    ----------------------------------------------------------------------

==============================================================================


      Code (inc. data)   RO Data    RW Data    ZI Data      Debug   

     19588       3088        508         64       3472     589816   Grand Totals
     19588       3088        508         64       3472     589816   ELF Image Totals
     19588       3088        508         64          0          0   ROM Totals

==============================================================================

    Total RO  Size (Code + RO Data)                20096 (  19.63kB)
    Total RW  Size (RW Data + ZI Data)              3536 (   3.45kB)
    Total ROM Size (Code + RO Data + RW Data)      20160 (  19.69kB)

==============================================================================

